[0.025s] Invoking command in '/home/cedric/Desktop/PROLAB/proLAB_CedericoV1/ros2_ws_1/build/tb4_cedric_pkg_1': CMAKE_PREFIX_PATH=${CMAKE_PREFIX_PATH}:/opt/ros/foxy /usr/bin/cmake --build /home/cedric/Desktop/PROLAB/proLAB_CedericoV1/ros2_ws_1/build/tb4_cedric_pkg_1 -- -j16 -l16
[0.070s] -- Found ament_cmake: 0.9.12 (/opt/ros/foxy/share/ament_cmake/cmake)
[0.098s] -- Using PYTHON_EXECUTABLE: /usr/bin/python3
[0.254s] -- Override CMake install command with custom implementation using symlinks instead of copying resources
[0.266s] -- Found rclcpp: 2.4.3 (/opt/ros/foxy/share/rclcpp/cmake)
[0.294s] -- Using all available rosidl_typesupport_c: rosidl_typesupport_fastrtps_c;rosidl_typesupport_introspection_c
[0.297s] -- Found rosidl_adapter: 1.3.1 (/opt/ros/foxy/share/rosidl_adapter/cmake)
[0.476s] -- Using all available rosidl_typesupport_cpp: rosidl_typesupport_fastrtps_cpp;rosidl_typesupport_introspection_cpp
[0.517s] -- Found rmw_implementation_cmake: 1.0.4 (/opt/ros/foxy/share/rmw_implementation_cmake/cmake)
[0.518s] -- Using RMW implementation 'rmw_fastrtps_cpp' as default
[0.644s] -- Found geometry_msgs: 2.0.5 (/opt/ros/foxy/share/geometry_msgs/cmake)
[0.672s] -- Found nav_msgs: 2.0.5 (/opt/ros/foxy/share/nav_msgs/cmake)
[0.730s] -- Found sensor_msgs: 2.0.5 (/opt/ros/foxy/share/sensor_msgs/cmake)
[0.790s] -- Found tf2: 0.13.14 (/opt/ros/foxy/share/tf2/cmake)
[0.798s] -- Found tf2_ros: 0.13.14 (/opt/ros/foxy/share/tf2_ros/cmake)
[1.068s] -- Found ament_lint_auto: 0.9.8 (/opt/ros/foxy/share/ament_lint_auto/cmake)
[1.150s] -- Added test 'copyright' to check source files copyright and LICENSE
[1.166s] -- Added test 'cppcheck' to perform static code analysis on C / C++ code
[1.166s] -- Configured cppcheck include dirs: 
[1.166s] -- Configured cppcheck exclude dirs and/or files: 
[1.185s] -- Added test 'cpplint' to check C / C++ code against the Google style
[1.185s] -- Configured cpplint exclude dirs and/or files: 
[1.187s] -- Added test 'flake8' to check Python code syntax and style conventions
[1.191s] -- Added test 'lint_cmake' to check CMake code style
[1.193s] -- Added test 'pep257' to check Python code against some of the style conventions in PEP 257
[1.209s] -- Added test 'uncrustify' to check C / C++ code style
[1.209s] -- Configured uncrustify additional arguments: 
[1.212s] -- Added test 'xmllint' to check XML markup files
[1.220s] -- Configuring done
[1.236s] -- Generating done
[1.243s] -- Build files have been written to: /home/cedric/Desktop/PROLAB/proLAB_CedericoV1/ros2_ws_1/build/tb4_cedric_pkg_1
[1.291s] [35m[1mScanning dependencies of target joint_noise_node[0m
[1.331s] [ 33%] Built target test_node
[1.331s] [ 66%] Built target recorder_node
[1.348s] [ 83%] [32mBuilding CXX object CMakeFiles/joint_noise_node.dir/src/joint_noise_node.cpp.o[0m
[2.621s] [01m[K/home/cedric/Desktop/PROLAB/proLAB_CedericoV1/ros2_ws_1/src/tb4_cedric_pkg_1/src/joint_noise_node.cpp:[m[K In constructor ‘[01m[KJointNoiseNode::JointNoiseNode()[m[K’:
[2.621s] [01m[K/home/cedric/Desktop/PROLAB/proLAB_CedericoV1/ros2_ws_1/src/tb4_cedric_pkg_1/src/joint_noise_node.cpp:33:106:[m[K [01;31m[Kerror: [m[Kexpected unqualified-id before numeric constant
[2.621s]    33 |             "/joint_states", 10, std::bind(&JointNoiseNode::jointStateCallback, this, std::placeholders::[01;31m[K1[m[K));
[2.621s]       |                                                                                                          [01;31m[K^[m[K
[3.381s] make[2]: *** [CMakeFiles/joint_noise_node.dir/build.make:63: CMakeFiles/joint_noise_node.dir/src/joint_noise_node.cpp.o] Error 1
[3.381s] make[1]: *** [CMakeFiles/Makefile2:82: CMakeFiles/joint_noise_node.dir/all] Error 2
[3.382s] make: *** [Makefile:141: all] Error 2
[3.388s] Invoked command in '/home/cedric/Desktop/PROLAB/proLAB_CedericoV1/ros2_ws_1/build/tb4_cedric_pkg_1' returned '2': CMAKE_PREFIX_PATH=${CMAKE_PREFIX_PATH}:/opt/ros/foxy /usr/bin/cmake --build /home/cedric/Desktop/PROLAB/proLAB_CedericoV1/ros2_ws_1/build/tb4_cedric_pkg_1 -- -j16 -l16
