[0.028s] Invoking command in '/home/cedric/Desktop/PROLAB/proLAB_CedericoV1/ros2_ws_1/build/tb4_cedric_pkg_1': CMAKE_PREFIX_PATH=${CMAKE_PREFIX_PATH}:/opt/ros/foxy /usr/bin/cmake --build /home/cedric/Desktop/PROLAB/proLAB_CedericoV1/ros2_ws_1/build/tb4_cedric_pkg_1 -- -j16 -l16
[0.125s] [35m[1mScanning dependencies of target ekf_landmark_node[0m
[0.142s] [ 12%] Built target joint_noise_node
[0.146s] [ 37%] Built target landmark_test_node
[0.146s] [ 37%] Built target recorder_node
[0.149s] [ 50%] Built target kalman_filter_node
[0.151s] [ 62%] Built target test_node
[0.155s] [ 75%] Built target noisy_odometry_node
[0.160s] [ 87%] Built target extended_kalman_filter_node
[0.191s] [ 93%] [32mBuilding CXX object CMakeFiles/ekf_landmark_node.dir/src/ekf_landmark.cpp.o[0m
[10.367s] [100%] [32m[1mLinking CXX executable ekf_landmark_node[0m
[10.987s] [100%] Built target ekf_landmark_node
[11.004s] Invoked command in '/home/cedric/Desktop/PROLAB/proLAB_CedericoV1/ros2_ws_1/build/tb4_cedric_pkg_1' returned '0': CMAKE_PREFIX_PATH=${CMAKE_PREFIX_PATH}:/opt/ros/foxy /usr/bin/cmake --build /home/cedric/Desktop/PROLAB/proLAB_CedericoV1/ros2_ws_1/build/tb4_cedric_pkg_1 -- -j16 -l16
[11.033s] Invoking command in '/home/cedric/Desktop/PROLAB/proLAB_CedericoV1/ros2_ws_1/build/tb4_cedric_pkg_1': CMAKE_PREFIX_PATH=${CMAKE_PREFIX_PATH}:/opt/ros/foxy /usr/bin/cmake --install /home/cedric/Desktop/PROLAB/proLAB_CedericoV1/ros2_ws_1/build/tb4_cedric_pkg_1
[11.051s] -- Install configuration: ""
[11.051s] -- Execute custom install script
[11.051s] -- Up-to-date symlink: /home/cedric/Desktop/PROLAB/proLAB_CedericoV1/ros2_ws_1/install/tb4_cedric_pkg_1/share/tb4_cedric_pkg_1/launch/my_turtlebot3_world.launch.py
[11.052s] -- Up-to-date symlink: /home/cedric/Desktop/PROLAB/proLAB_CedericoV1/ros2_ws_1/install/tb4_cedric_pkg_1/share/tb4_cedric_pkg_1/launch/simulation.launch.py
[11.052s] -- Up-to-date symlink: /home/cedric/Desktop/PROLAB/proLAB_CedericoV1/ros2_ws_1/install/tb4_cedric_pkg_1/lib/tb4_cedric_pkg_1/test_node
[11.052s] -- Up-to-date symlink: /home/cedric/Desktop/PROLAB/proLAB_CedericoV1/ros2_ws_1/install/tb4_cedric_pkg_1/lib/tb4_cedric_pkg_1/joint_noise_node
[11.053s] -- Up-to-date symlink: /home/cedric/Desktop/PROLAB/proLAB_CedericoV1/ros2_ws_1/install/tb4_cedric_pkg_1/lib/tb4_cedric_pkg_1/noisy_odometry_node
[11.053s] -- Up-to-date symlink: /home/cedric/Desktop/PROLAB/proLAB_CedericoV1/ros2_ws_1/install/tb4_cedric_pkg_1/lib/tb4_cedric_pkg_1/kalman_filter_node
[11.053s] -- Up-to-date symlink: /home/cedric/Desktop/PROLAB/proLAB_CedericoV1/ros2_ws_1/install/tb4_cedric_pkg_1/lib/tb4_cedric_pkg_1/extended_kalman_filter_node
[11.053s] -- Up-to-date symlink: /home/cedric/Desktop/PROLAB/proLAB_CedericoV1/ros2_ws_1/install/tb4_cedric_pkg_1/lib/tb4_cedric_pkg_1/landmark_test_node
[11.054s] -- Symlinking: /home/cedric/Desktop/PROLAB/proLAB_CedericoV1/ros2_ws_1/install/tb4_cedric_pkg_1/lib/tb4_cedric_pkg_1/ekf_landmark_node
[11.077s] -- Up-to-date symlink: /home/cedric/Desktop/PROLAB/proLAB_CedericoV1/ros2_ws_1/install/tb4_cedric_pkg_1/lib/tb4_cedric_pkg_1/recorder_node
[11.077s] -- Up-to-date symlink: /home/cedric/Desktop/PROLAB/proLAB_CedericoV1/ros2_ws_1/install/tb4_cedric_pkg_1/share/tb4_cedric_pkg_1/launch/my_turtlebot3_world.launch.py
[11.077s] -- Up-to-date symlink: /home/cedric/Desktop/PROLAB/proLAB_CedericoV1/ros2_ws_1/install/tb4_cedric_pkg_1/share/tb4_cedric_pkg_1/launch/simulation.launch.py
[11.078s] -- Up-to-date symlink: /home/cedric/Desktop/PROLAB/proLAB_CedericoV1/ros2_ws_1/install/tb4_cedric_pkg_1/share/tb4_cedric_pkg_1/trajectories/robot_path.csv
[11.079s] -- Up-to-date symlink: /home/cedric/Desktop/PROLAB/proLAB_CedericoV1/ros2_ws_1/install/tb4_cedric_pkg_1/share/tb4_cedric_pkg_1/worlds/cedric_landmark_world.world
[11.080s] -- Up-to-date symlink: /home/cedric/Desktop/PROLAB/proLAB_CedericoV1/ros2_ws_1/install/tb4_cedric_pkg_1/share/tb4_cedric_pkg_1/worlds/my_world.world
[11.080s] -- Up-to-date symlink: /home/cedric/Desktop/PROLAB/proLAB_CedericoV1/ros2_ws_1/install/tb4_cedric_pkg_1/share/tb4_cedric_pkg_1/worlds/waffle.model
[11.081s] -- Up-to-date symlink: /home/cedric/Desktop/PROLAB/proLAB_CedericoV1/ros2_ws_1/install/tb4_cedric_pkg_1/share/ament_index/resource_index/package_run_dependencies/tb4_cedric_pkg_1
[11.082s] -- Up-to-date symlink: /home/cedric/Desktop/PROLAB/proLAB_CedericoV1/ros2_ws_1/install/tb4_cedric_pkg_1/share/ament_index/resource_index/parent_prefix_path/tb4_cedric_pkg_1
[11.083s] -- Up-to-date symlink: /home/cedric/Desktop/PROLAB/proLAB_CedericoV1/ros2_ws_1/install/tb4_cedric_pkg_1/share/tb4_cedric_pkg_1/environment/ament_prefix_path.sh
[11.083s] -- Up-to-date symlink: /home/cedric/Desktop/PROLAB/proLAB_CedericoV1/ros2_ws_1/install/tb4_cedric_pkg_1/share/tb4_cedric_pkg_1/environment/ament_prefix_path.dsv
[11.084s] -- Up-to-date symlink: /home/cedric/Desktop/PROLAB/proLAB_CedericoV1/ros2_ws_1/install/tb4_cedric_pkg_1/share/tb4_cedric_pkg_1/environment/path.sh
[11.085s] -- Up-to-date symlink: /home/cedric/Desktop/PROLAB/proLAB_CedericoV1/ros2_ws_1/install/tb4_cedric_pkg_1/share/tb4_cedric_pkg_1/environment/path.dsv
[11.085s] -- Up-to-date symlink: /home/cedric/Desktop/PROLAB/proLAB_CedericoV1/ros2_ws_1/install/tb4_cedric_pkg_1/share/tb4_cedric_pkg_1/local_setup.bash
[11.086s] -- Up-to-date symlink: /home/cedric/Desktop/PROLAB/proLAB_CedericoV1/ros2_ws_1/install/tb4_cedric_pkg_1/share/tb4_cedric_pkg_1/local_setup.sh
[11.086s] -- Up-to-date symlink: /home/cedric/Desktop/PROLAB/proLAB_CedericoV1/ros2_ws_1/install/tb4_cedric_pkg_1/share/tb4_cedric_pkg_1/local_setup.zsh
[11.087s] -- Up-to-date symlink: /home/cedric/Desktop/PROLAB/proLAB_CedericoV1/ros2_ws_1/install/tb4_cedric_pkg_1/share/tb4_cedric_pkg_1/local_setup.dsv
[11.087s] -- Symlinking: /home/cedric/Desktop/PROLAB/proLAB_CedericoV1/ros2_ws_1/install/tb4_cedric_pkg_1/share/tb4_cedric_pkg_1/package.dsv
[11.108s] -- Up-to-date symlink: /home/cedric/Desktop/PROLAB/proLAB_CedericoV1/ros2_ws_1/install/tb4_cedric_pkg_1/share/ament_index/resource_index/packages/tb4_cedric_pkg_1
[11.108s] -- Up-to-date symlink: /home/cedric/Desktop/PROLAB/proLAB_CedericoV1/ros2_ws_1/install/tb4_cedric_pkg_1/share/tb4_cedric_pkg_1/cmake/tb4_cedric_pkg_1Config.cmake
[11.109s] -- Up-to-date symlink: /home/cedric/Desktop/PROLAB/proLAB_CedericoV1/ros2_ws_1/install/tb4_cedric_pkg_1/share/tb4_cedric_pkg_1/cmake/tb4_cedric_pkg_1Config-version.cmake
[11.109s] -- Up-to-date symlink: /home/cedric/Desktop/PROLAB/proLAB_CedericoV1/ros2_ws_1/install/tb4_cedric_pkg_1/share/tb4_cedric_pkg_1/package.xml
[11.116s] Invoked command in '/home/cedric/Desktop/PROLAB/proLAB_CedericoV1/ros2_ws_1/build/tb4_cedric_pkg_1' returned '0': CMAKE_PREFIX_PATH=${CMAKE_PREFIX_PATH}:/opt/ros/foxy /usr/bin/cmake --install /home/cedric/Desktop/PROLAB/proLAB_CedericoV1/ros2_ws_1/build/tb4_cedric_pkg_1
