[0.024s] Invoking command in '/home/cedric/Desktop/PROLAB/proLAB_CedericoV1/ros2_ws_1/build/tb4_cedric_pkg_1': CMAKE_PREFIX_PATH=${CMAKE_PREFIX_PATH}:/opt/ros/foxy /usr/bin/cmake --build /home/cedric/Desktop/PROLAB/proLAB_CedericoV1/ros2_ws_1/build/tb4_cedric_pkg_1 -- -j16 -l16
[0.064s] -- Found ament_cmake: 0.9.12 (/opt/ros/foxy/share/ament_cmake/cmake)
[0.094s] -- Using PYTHON_EXECUTABLE: /usr/bin/python3
[0.257s] -- Override CMake install command with custom implementation using symlinks instead of copying resources
[0.272s] -- Found rclcpp: 2.4.3 (/opt/ros/foxy/share/rclcpp/cmake)
[0.329s] -- Using all available rosidl_typesupport_c: rosidl_typesupport_fastrtps_c;rosidl_typesupport_introspection_c
[0.332s] -- Found rosidl_adapter: 1.3.1 (/opt/ros/foxy/share/rosidl_adapter/cmake)
[0.510s] -- Using all available rosidl_typesupport_cpp: rosidl_typesupport_fastrtps_cpp;rosidl_typesupport_introspection_cpp
[0.565s] -- Found rmw_implementation_cmake: 1.0.4 (/opt/ros/foxy/share/rmw_implementation_cmake/cmake)
[0.569s] -- Using RMW implementation 'rmw_fastrtps_cpp' as default
[0.705s] -- Found geometry_msgs: 2.0.5 (/opt/ros/foxy/share/geometry_msgs/cmake)
[0.735s] -- Found nav_msgs: 2.0.5 (/opt/ros/foxy/share/nav_msgs/cmake)
[0.796s] -- Found sensor_msgs: 2.0.5 (/opt/ros/foxy/share/sensor_msgs/cmake)
[0.858s] -- Found tf2: 0.13.14 (/opt/ros/foxy/share/tf2/cmake)
[0.872s] -- Found tf2_ros: 0.13.14 (/opt/ros/foxy/share/tf2_ros/cmake)
[1.177s] -- Found ament_lint_auto: 0.9.8 (/opt/ros/foxy/share/ament_lint_auto/cmake)
[1.272s] -- Added test 'copyright' to check source files copyright and LICENSE
[1.288s] -- Added test 'cppcheck' to perform static code analysis on C / C++ code
[1.289s] -- Configured cppcheck include dirs: 
[1.289s] -- Configured cppcheck exclude dirs and/or files: 
[1.312s] -- Added test 'cpplint' to check C / C++ code against the Google style
[1.312s] -- Configured cpplint exclude dirs and/or files: 
[1.315s] -- Added test 'flake8' to check Python code syntax and style conventions
[1.320s] -- Added test 'lint_cmake' to check CMake code style
[1.322s] -- Added test 'pep257' to check Python code against some of the style conventions in PEP 257
[1.341s] -- Added test 'uncrustify' to check C / C++ code style
[1.342s] -- Configured uncrustify additional arguments: 
[1.344s] -- Added test 'xmllint' to check XML markup files
[1.348s] -- Configuring done
[1.351s] CMake Error at CMakeLists.txt:85 (add_executable):
[1.351s]   Cannot find source file:
[1.351s] 
[1.352s]     src/particle_filter_node.cpp
[1.352s] 
[1.352s]   Tried extensions .c .C .c++ .cc .cpp .cxx .cu .m .M .mm .h .hh .h++ .hm
[1.352s]   .hpp .hxx .in .txx
[1.352s] 
[1.352s] 
[1.352s] CMake Error at CMakeLists.txt:85 (add_executable):
[1.353s]   No SOURCES given to target: particle_filter_node
[1.353s] 
[1.353s] 
[1.353s] CMake Generate step failed.  Build files cannot be regenerated correctly.
[1.359s] make: *** [Makefile:574: cmake_check_build_system] Error 1
[1.365s] Invoked command in '/home/cedric/Desktop/PROLAB/proLAB_CedericoV1/ros2_ws_1/build/tb4_cedric_pkg_1' returned '2': CMAKE_PREFIX_PATH=${CMAKE_PREFIX_PATH}:/opt/ros/foxy /usr/bin/cmake --build /home/cedric/Desktop/PROLAB/proLAB_CedericoV1/ros2_ws_1/build/tb4_cedric_pkg_1 -- -j16 -l16
