-- Found ament_cmake: 0.9.12 (/opt/ros/foxy/share/ament_cmake/cmake)
-- Using PYTHON_EXECUTABLE: /usr/bin/python3
-- Override CMake install command with custom implementation using symlinks instead of copying resources
-- Found rclcpp: 2.4.3 (/opt/ros/foxy/share/rclcpp/cmake)
-- Using all available rosidl_typesupport_c: rosidl_typesupport_fastrtps_c;rosidl_typesupport_introspection_c
-- Found rosidl_adapter: 1.3.1 (/opt/ros/foxy/share/rosidl_adapter/cmake)
-- Using all available rosidl_typesupport_cpp: rosidl_typesupport_fastrtps_cpp;rosidl_typesupport_introspection_cpp
-- Found rmw_implementation_cmake: 1.0.4 (/opt/ros/foxy/share/rmw_implementation_cmake/cmake)
-- Using RMW implementation 'rmw_fastrtps_cpp' as default
-- Found geometry_msgs: 2.0.5 (/opt/ros/foxy/share/geometry_msgs/cmake)
-- Found nav_msgs: 2.0.5 (/opt/ros/foxy/share/nav_msgs/cmake)
-- Found sensor_msgs: 2.0.5 (/opt/ros/foxy/share/sensor_msgs/cmake)
-- Found tf2: 0.13.14 (/opt/ros/foxy/share/tf2/cmake)
-- Found tf2_ros: 0.13.14 (/opt/ros/foxy/share/tf2_ros/cmake)
-- Found ament_lint_auto: 0.9.8 (/opt/ros/foxy/share/ament_lint_auto/cmake)
-- Added test 'copyright' to check source files copyright and LICENSE
-- Added test 'cppcheck' to perform static code analysis on C / C++ code
-- Configured cppcheck include dirs: 
-- Configured cppcheck exclude dirs and/or files: 
-- Added test 'cpplint' to check C / C++ code against the Google style
-- Configured cpplint exclude dirs and/or files: 
-- Added test 'flake8' to check Python code syntax and style conventions
-- Added test 'lint_cmake' to check CMake code style
-- Added test 'pep257' to check Python code against some of the style conventions in PEP 257
-- Added test 'uncrustify' to check C / C++ code style
-- Configured uncrustify additional arguments: 
-- Added test 'xmllint' to check XML markup files
-- Configuring done
-- Generating done
-- Build files have been written to: /home/cedric/Desktop/PROLAB/proLAB_CedericoV1/ros2_ws_1/build/tb4_cedric_pkg_1
[35m[1mScanning dependencies of target ekf_landmark_node[0m
[ 12%] Built target joint_noise_node
[ 25%] Built target noisy_odometry_node
[ 37%] Built target test_node
[ 50%] Built target extended_kalman_filter_node
[ 62%] Built target recorder_node
[ 75%] Built target kalman_filter_node
[ 87%] Built target landmark_test_node
[ 93%] [32mBuilding CXX object CMakeFiles/ekf_landmark_node.dir/src/ekf_landmark.cpp.o[0m
[01m[K/home/cedric/Desktop/PROLAB/proLAB_CedericoV1/ros2_ws_1/src/tb4_cedric_pkg_1/src/ekf_landmark.cpp:[m[K In member function ‘[01m[Kvoid EKFWithLandmarksNode::scan_callback(sensor_msgs::msg::LaserScan_<std::allocator<void> >::SharedPtr)[m[K’:
[01m[K/home/cedric/Desktop/PROLAB/proLAB_CedericoV1/ros2_ws_1/src/tb4_cedric_pkg_1/src/ekf_landmark.cpp:100:115:[m[K [01;31m[Kerror: [m[Kinvalid operands of types ‘[01m[K<unresolved overloaded function type>[m[K’ and ‘[01m[KEigen::DenseCoeffsBase<Eigen::Matrix<double, 2, 1>, 1>::Scalar[m[K’ {aka ‘[01m[Kdouble[m[K’} to binary ‘[01m[Koperator-[m[K’
  100 |             double area = 0.5 * std::abs(p1.x() * (p2.y() - p3.y()) + p2.x() * (p3.y() - p1.y()) + p3.x() * ([32m[Kp1.y[m[K [01;31m[K-[m[K [34m[Kp2.y()[m[K));
      |                                                                                                              [32m[K~~~~[m[K [01;31m[K^[m[K [34m[K~~~~~~[m[K
      |                                                                                                                 [32m[K|[m[K       [34m[K|[m[K
      |                                                                                                                 [32m[K|[m[K       [34m[KEigen::DenseCoeffsBase<Eigen::Matrix<double, 2, 1>, 1>::Scalar {aka double}[m[K
      |                                                                                                                 [32m[K<unresolved overloaded function type>[m[K
make[2]: *** [CMakeFiles/ekf_landmark_node.dir/build.make:63: CMakeFiles/ekf_landmark_node.dir/src/ekf_landmark.cpp.o] Error 1
make[1]: *** [CMakeFiles/Makefile2:308: CMakeFiles/ekf_landmark_node.dir/all] Error 2
make: *** [Makefile:141: all] Error 2
