[0.020s] Invoking command in '/home/cedric/Desktop/PROLAB/proLAB_CedericoV1/ros2_ws_1/build/tb4_cedric_pkg_1': CMAKE_PREFIX_PATH=${CMAKE_PREFIX_PATH}:/opt/ros/foxy /usr/bin/cmake --build /home/cedric/Desktop/PROLAB/proLAB_CedericoV1/ros2_ws_1/build/tb4_cedric_pkg_1 -- -j16 -l16
[0.077s] -- Found ament_cmake: 0.9.12 (/opt/ros/foxy/share/ament_cmake/cmake)
[0.105s] -- Using PYTHON_EXECUTABLE: /usr/bin/python3
[0.268s] -- Override CMake install command with custom implementation using symlinks instead of copying resources
[0.280s] -- Found rclcpp: 2.4.3 (/opt/ros/foxy/share/rclcpp/cmake)
[0.309s] -- Using all available rosidl_typesupport_c: rosidl_typesupport_fastrtps_c;rosidl_typesupport_introspection_c
[0.312s] -- Found rosidl_adapter: 1.3.1 (/opt/ros/foxy/share/rosidl_adapter/cmake)
[0.475s] -- Using all available rosidl_typesupport_cpp: rosidl_typesupport_fastrtps_cpp;rosidl_typesupport_introspection_cpp
[0.518s] -- Found rmw_implementation_cmake: 1.0.4 (/opt/ros/foxy/share/rmw_implementation_cmake/cmake)
[0.520s] -- Using RMW implementation 'rmw_fastrtps_cpp' as default
[0.646s] -- Found geometry_msgs: 2.0.5 (/opt/ros/foxy/share/geometry_msgs/cmake)
[0.674s] -- Found nav_msgs: 2.0.5 (/opt/ros/foxy/share/nav_msgs/cmake)
[0.735s] -- Found sensor_msgs: 2.0.5 (/opt/ros/foxy/share/sensor_msgs/cmake)
[0.794s] -- Found tf2: 0.13.14 (/opt/ros/foxy/share/tf2/cmake)
[0.802s] -- Found tf2_ros: 0.13.14 (/opt/ros/foxy/share/tf2_ros/cmake)
[1.074s] -- Found ament_lint_auto: 0.9.8 (/opt/ros/foxy/share/ament_lint_auto/cmake)
[1.155s] -- Added test 'copyright' to check source files copyright and LICENSE
[1.172s] -- Added test 'cppcheck' to perform static code analysis on C / C++ code
[1.172s] -- Configured cppcheck include dirs: 
[1.172s] -- Configured cppcheck exclude dirs and/or files: 
[1.188s] -- Added test 'cpplint' to check C / C++ code against the Google style
[1.188s] -- Configured cpplint exclude dirs and/or files: 
[1.190s] -- Added test 'flake8' to check Python code syntax and style conventions
[1.195s] -- Added test 'lint_cmake' to check CMake code style
[1.197s] -- Added test 'pep257' to check Python code against some of the style conventions in PEP 257
[1.214s] -- Added test 'uncrustify' to check C / C++ code style
[1.214s] -- Configured uncrustify additional arguments: 
[1.216s] -- Added test 'xmllint' to check XML markup files
[1.221s] -- Configuring done
[1.259s] -- Generating done
[1.277s] -- Build files have been written to: /home/cedric/Desktop/PROLAB/proLAB_CedericoV1/ros2_ws_1/build/tb4_cedric_pkg_1
[1.310s] [35m[1mScanning dependencies of target ekf_landmark_node[0m
[1.341s] [ 12%] Built target joint_noise_node
[1.346s] [ 25%] Built target noisy_odometry_node
[1.346s] [ 37%] Built target test_node
[1.348s] [ 50%] Built target extended_kalman_filter_node
[1.350s] [ 62%] Built target recorder_node
[1.351s] [ 75%] Built target kalman_filter_node
[1.355s] [ 87%] Built target landmark_test_node
[1.398s] [ 93%] [32mBuilding CXX object CMakeFiles/ekf_landmark_node.dir/src/ekf_landmark.cpp.o[0m
[3.440s] [01m[K/home/cedric/Desktop/PROLAB/proLAB_CedericoV1/ros2_ws_1/src/tb4_cedric_pkg_1/src/ekf_landmark.cpp:[m[K In member function ‘[01m[Kvoid EKFWithLandmarksNode::scan_callback(sensor_msgs::msg::LaserScan_<std::allocator<void> >::SharedPtr)[m[K’:
[3.440s] [01m[K/home/cedric/Desktop/PROLAB/proLAB_CedericoV1/ros2_ws_1/src/tb4_cedric_pkg_1/src/ekf_landmark.cpp:100:115:[m[K [01;31m[Kerror: [m[Kinvalid operands of types ‘[01m[K<unresolved overloaded function type>[m[K’ and ‘[01m[KEigen::DenseCoeffsBase<Eigen::Matrix<double, 2, 1>, 1>::Scalar[m[K’ {aka ‘[01m[Kdouble[m[K’} to binary ‘[01m[Koperator-[m[K’
[3.441s]   100 |             double area = 0.5 * std::abs(p1.x() * (p2.y() - p3.y()) + p2.x() * (p3.y() - p1.y()) + p3.x() * ([32m[Kp1.y[m[K [01;31m[K-[m[K [34m[Kp2.y()[m[K));
[3.441s]       |                                                                                                              [32m[K~~~~[m[K [01;31m[K^[m[K [34m[K~~~~~~[m[K
[3.441s]       |                                                                                                                 [32m[K|[m[K       [34m[K|[m[K
[3.441s]       |                                                                                                                 [32m[K|[m[K       [34m[KEigen::DenseCoeffsBase<Eigen::Matrix<double, 2, 1>, 1>::Scalar {aka double}[m[K
[3.441s]       |                                                                                                                 [32m[K<unresolved overloaded function type>[m[K
[6.785s] make[2]: *** [CMakeFiles/ekf_landmark_node.dir/build.make:63: CMakeFiles/ekf_landmark_node.dir/src/ekf_landmark.cpp.o] Error 1
[6.786s] make[1]: *** [CMakeFiles/Makefile2:308: CMakeFiles/ekf_landmark_node.dir/all] Error 2
[6.786s] make: *** [Makefile:141: all] Error 2
[6.793s] Invoked command in '/home/cedric/Desktop/PROLAB/proLAB_CedericoV1/ros2_ws_1/build/tb4_cedric_pkg_1' returned '2': CMAKE_PREFIX_PATH=${CMAKE_PREFIX_PATH}:/opt/ros/foxy /usr/bin/cmake --build /home/cedric/Desktop/PROLAB/proLAB_CedericoV1/ros2_ws_1/build/tb4_cedric_pkg_1 -- -j16 -l16
