[35m[1mScanning dependencies of target ekf_landmark_node[0m
[ 10%] Built target noisy_odometry_node
[ 25%] Built target kalman_filter_node
[ 30%] Built target multi_recorder_node
[ 40%] Built target recorder_node
[ 60%] Built target joint_noise_node
[ 60%] Built target particle_filter_node
[ 70%] Built target landmark_test_node
[ 80%] Built target test_node
[ 90%] Built target extended_kalman_filter_node
[ 95%] [32mBuilding CXX object CMakeFiles/ekf_landmark_node.dir/src/ekf_landmark.cpp.o[0m
[01m[K/home/cedric/Desktop/PROLAB/proLAB_CedericoV1/ros2_ws_1/src/tb4_cedric_pkg_1/src/ekf_landmark.cpp:[m[K In constructor ‘[01m[KEKFWithLandmarksNode::EKFWithLandmarksNode()[m[K’:
[01m[K/home/cedric/Desktop/PROLAB/proLAB_CedericoV1/ros2_ws_1/src/tb4_cedric_pkg_1/src/ekf_landmark.cpp:81:9:[m[K [01;31m[Kerror: [m[K‘[01m[Kscan_sub[m[K’ was not declared in this scope; did you mean ‘[01m[Kscan_sub_[m[K’?
   81 |         [01;31m[Kscan_sub[m[K = this->create_subscription<sensor_msgs::msg::LaserScan>(
      |         [01;31m[K^~~~~~~~[m[K
      |         [32m[Kscan_sub_[m[K
[01m[K/home/cedric/Desktop/PROLAB/proLAB_CedericoV1/ros2_ws_1/src/tb4_cedric_pkg_1/src/ekf_landmark.cpp:[m[K In member function ‘[01m[Kvoid EKFWithLandmarksNode::filter_loop()[m[K’:
[01m[K/home/cedric/Desktop/PROLAB/proLAB_CedericoV1/ros2_ws_1/src/tb4_cedric_pkg_1/src/ekf_landmark.cpp:169:9:[m[K [01;31m[Kerror: [m[K‘[01m[Klast_time[m[K’ was not declared in this scope; did you mean ‘[01m[Klast_time_[m[K’?
  169 |         [01;31m[Klast_time[m[K = current_time;
      |         [01;31m[K^~~~~~~~~[m[K
      |         [32m[Klast_time_[m[K
make[2]: *** [CMakeFiles/ekf_landmark_node.dir/build.make:63: CMakeFiles/ekf_landmark_node.dir/src/ekf_landmark.cpp.o] Error 1
make[1]: *** [CMakeFiles/Makefile2:393: CMakeFiles/ekf_landmark_node.dir/all] Error 2
make: *** [Makefile:141: all] Error 2
