[0.178s] DEBUG:colcon:Command line arguments: ['/usr/bin/colcon', 'build', '--symlink-install']
[0.178s] DEBUG:colcon:Parsed command line arguments: Namespace(allow_overriding=[], ament_cmake_args=None, base_paths=['.'], build_base='build', catkin_cmake_args=None, catkin_skip_building_tests=False, cmake_args=None, cmake_clean_cache=False, cmake_clean_first=False, cmake_force_configure=False, cmake_target=None, cmake_target_skip_unavailable=False, continue_on_error=False, event_handlers=None, executor='parallel', ignore_user_meta=False, install_base='install', log_base=None, log_level=None, main=<bound method BuildVerb.main of <colcon_core.verb.build.BuildVerb object at 0x7f0b5e857e80>>, merge_install=False, metas=['./colcon.meta'], packages_above=None, packages_above_and_dependencies=None, packages_above_depth=None, packages_end=None, packages_ignore=None, packages_ignore_regex=None, packages_select=None, packages_select_build_failed=False, packages_select_by_dep=None, packages_select_regex=None, packages_select_test_failures=False, packages_skip=None, packages_skip_build_finished=False, packages_skip_by_dep=None, packages_skip_regex=None, packages_skip_test_passed=False, packages_skip_up_to=None, packages_start=None, packages_up_to=None, packages_up_to_regex=None, parallel_workers=16, paths=None, symlink_install=True, test_result_base=None, verb_extension=<colcon_core.verb.build.BuildVerb object at 0x7f0b5e857e80>, verb_name='build', verb_parser=<colcon_defaults.argument_parser.defaults.DefaultArgumentsDecorator object at 0x7f0b5e784610>)
[0.309s] Level 1:colcon.colcon_core.package_discovery:discover_packages(colcon_meta) check parameters
[0.309s] Level 1:colcon.colcon_core.package_discovery:discover_packages(recursive) check parameters
[0.309s] Level 1:colcon.colcon_core.package_discovery:discover_packages(ignore) check parameters
[0.309s] Level 1:colcon.colcon_core.package_discovery:discover_packages(path) check parameters
[0.309s] Level 1:colcon.colcon_core.package_discovery:discover_packages(colcon_meta) discover
[0.309s] Level 1:colcon.colcon_core.package_discovery:discover_packages(recursive) discover
[0.309s] INFO:colcon.colcon_core.package_discovery:Crawling recursively for packages in '/home/cedric/Desktop/PROLAB/proLAB_CedericoV1/ros2_ws_1'
[0.309s] Level 1:colcon.colcon_core.package_identification:_identify(.) by extensions ['ignore', 'ignore_ament_install']
[0.309s] Level 1:colcon.colcon_core.package_identification:_identify(.) by extension 'ignore'
[0.309s] Level 1:colcon.colcon_core.package_identification:_identify(.) by extension 'ignore_ament_install'
[0.309s] Level 1:colcon.colcon_core.package_identification:_identify(.) by extensions ['colcon_pkg']
[0.309s] Level 1:colcon.colcon_core.package_identification:_identify(.) by extension 'colcon_pkg'
[0.310s] Level 1:colcon.colcon_core.package_identification:_identify(.) by extensions ['colcon_meta']
[0.310s] Level 1:colcon.colcon_core.package_identification:_identify(.) by extension 'colcon_meta'
[0.310s] Level 1:colcon.colcon_core.package_identification:_identify(.) by extensions ['ros']
[0.310s] Level 1:colcon.colcon_core.package_identification:_identify(.) by extension 'ros'
[0.320s] Level 1:colcon.colcon_core.package_identification:_identify(.) by extensions ['cmake', 'python']
[0.320s] Level 1:colcon.colcon_core.package_identification:_identify(.) by extension 'cmake'
[0.320s] Level 1:colcon.colcon_core.package_identification:_identify(.) by extension 'python'
[0.320s] Level 1:colcon.colcon_core.package_identification:_identify(.) by extensions ['python_setup_py']
[0.320s] Level 1:colcon.colcon_core.package_identification:_identify(.) by extension 'python_setup_py'
[0.321s] Level 1:colcon.colcon_core.package_identification:_identify(build) by extensions ['ignore', 'ignore_ament_install']
[0.321s] Level 1:colcon.colcon_core.package_identification:_identify(build) by extension 'ignore'
[0.321s] Level 1:colcon.colcon_core.package_identification:_identify(build) ignored
[0.321s] Level 1:colcon.colcon_core.package_identification:_identify(install) by extensions ['ignore', 'ignore_ament_install']
[0.321s] Level 1:colcon.colcon_core.package_identification:_identify(install) by extension 'ignore'
[0.321s] Level 1:colcon.colcon_core.package_identification:_identify(install) ignored
[0.321s] Level 1:colcon.colcon_core.package_identification:_identify(log) by extensions ['ignore', 'ignore_ament_install']
[0.321s] Level 1:colcon.colcon_core.package_identification:_identify(log) by extension 'ignore'
[0.321s] Level 1:colcon.colcon_core.package_identification:_identify(log) ignored
[0.321s] Level 1:colcon.colcon_core.package_identification:_identify(src) by extensions ['ignore', 'ignore_ament_install']
[0.321s] Level 1:colcon.colcon_core.package_identification:_identify(src) by extension 'ignore'
[0.321s] Level 1:colcon.colcon_core.package_identification:_identify(src) by extension 'ignore_ament_install'
[0.321s] Level 1:colcon.colcon_core.package_identification:_identify(src) by extensions ['colcon_pkg']
[0.321s] Level 1:colcon.colcon_core.package_identification:_identify(src) by extension 'colcon_pkg'
[0.322s] Level 1:colcon.colcon_core.package_identification:_identify(src) by extensions ['colcon_meta']
[0.322s] Level 1:colcon.colcon_core.package_identification:_identify(src) by extension 'colcon_meta'
[0.322s] Level 1:colcon.colcon_core.package_identification:_identify(src) by extensions ['ros']
[0.322s] Level 1:colcon.colcon_core.package_identification:_identify(src) by extension 'ros'
[0.322s] Level 1:colcon.colcon_core.package_identification:_identify(src) by extensions ['cmake', 'python']
[0.322s] Level 1:colcon.colcon_core.package_identification:_identify(src) by extension 'cmake'
[0.322s] Level 1:colcon.colcon_core.package_identification:_identify(src) by extension 'python'
[0.322s] Level 1:colcon.colcon_core.package_identification:_identify(src) by extensions ['python_setup_py']
[0.322s] Level 1:colcon.colcon_core.package_identification:_identify(src) by extension 'python_setup_py'
[0.322s] Level 1:colcon.colcon_core.package_identification:_identify(src/build) by extensions ['ignore', 'ignore_ament_install']
[0.322s] Level 1:colcon.colcon_core.package_identification:_identify(src/build) by extension 'ignore'
[0.322s] Level 1:colcon.colcon_core.package_identification:_identify(src/build) ignored
[0.322s] Level 1:colcon.colcon_core.package_identification:_identify(src/install) by extensions ['ignore', 'ignore_ament_install']
[0.322s] Level 1:colcon.colcon_core.package_identification:_identify(src/install) by extension 'ignore'
[0.322s] Level 1:colcon.colcon_core.package_identification:_identify(src/install) ignored
[0.322s] Level 1:colcon.colcon_core.package_identification:_identify(src/log) by extensions ['ignore', 'ignore_ament_install']
[0.322s] Level 1:colcon.colcon_core.package_identification:_identify(src/log) by extension 'ignore'
[0.322s] Level 1:colcon.colcon_core.package_identification:_identify(src/log) ignored
[0.322s] Level 1:colcon.colcon_core.package_identification:_identify(src/tb4_cedric_pkg_1) by extensions ['ignore', 'ignore_ament_install']
[0.322s] Level 1:colcon.colcon_core.package_identification:_identify(src/tb4_cedric_pkg_1) by extension 'ignore'
[0.322s] Level 1:colcon.colcon_core.package_identification:_identify(src/tb4_cedric_pkg_1) by extension 'ignore_ament_install'
[0.322s] Level 1:colcon.colcon_core.package_identification:_identify(src/tb4_cedric_pkg_1) by extensions ['colcon_pkg']
[0.322s] Level 1:colcon.colcon_core.package_identification:_identify(src/tb4_cedric_pkg_1) by extension 'colcon_pkg'
[0.323s] Level 1:colcon.colcon_core.package_identification:_identify(src/tb4_cedric_pkg_1) by extensions ['colcon_meta']
[0.323s] Level 1:colcon.colcon_core.package_identification:_identify(src/tb4_cedric_pkg_1) by extension 'colcon_meta'
[0.323s] Level 1:colcon.colcon_core.package_identification:_identify(src/tb4_cedric_pkg_1) by extensions ['ros']
[0.323s] Level 1:colcon.colcon_core.package_identification:_identify(src/tb4_cedric_pkg_1) by extension 'ros'
[0.326s] DEBUG:colcon.colcon_core.package_identification:Package 'src/tb4_cedric_pkg_1' with type 'ros.ament_cmake' and name 'tb4_cedric_pkg_1'
[0.326s] Level 1:colcon.colcon_core.package_discovery:discover_packages(recursive) using defaults
[0.326s] Level 1:colcon.colcon_core.package_discovery:discover_packages(ignore) discover
[0.326s] Level 1:colcon.colcon_core.package_discovery:discover_packages(ignore) using defaults
[0.326s] Level 1:colcon.colcon_core.package_discovery:discover_packages(path) discover
[0.326s] Level 1:colcon.colcon_core.package_discovery:discover_packages(path) using defaults
[0.340s] Level 1:colcon.colcon_core.package_discovery:discover_packages(prefix_path) check parameters
[0.340s] Level 1:colcon.colcon_core.package_discovery:discover_packages(prefix_path) discover
[0.341s] DEBUG:colcon.colcon_installed_package_information.package_discovery:Found 1 installed packages in /home/cedric/Desktop/PROLAB/proLAB_CedericoV1/ros2_ws_1/install
[0.343s] DEBUG:colcon.colcon_installed_package_information.package_discovery:Found 391 installed packages in /opt/ros/foxy
[0.345s] Level 1:colcon.colcon_core.package_discovery:discover_packages(prefix_path) using defaults
[0.433s] Level 5:colcon.colcon_core.verb:set package 'tb4_cedric_pkg_1' build argument 'cmake_args' from command line to 'None'
[0.433s] Level 5:colcon.colcon_core.verb:set package 'tb4_cedric_pkg_1' build argument 'cmake_target' from command line to 'None'
[0.433s] Level 5:colcon.colcon_core.verb:set package 'tb4_cedric_pkg_1' build argument 'cmake_target_skip_unavailable' from command line to 'False'
[0.433s] Level 5:colcon.colcon_core.verb:set package 'tb4_cedric_pkg_1' build argument 'cmake_clean_cache' from command line to 'False'
[0.433s] Level 5:colcon.colcon_core.verb:set package 'tb4_cedric_pkg_1' build argument 'cmake_clean_first' from command line to 'False'
[0.433s] Level 5:colcon.colcon_core.verb:set package 'tb4_cedric_pkg_1' build argument 'cmake_force_configure' from command line to 'False'
[0.433s] Level 5:colcon.colcon_core.verb:set package 'tb4_cedric_pkg_1' build argument 'ament_cmake_args' from command line to 'None'
[0.433s] Level 5:colcon.colcon_core.verb:set package 'tb4_cedric_pkg_1' build argument 'catkin_cmake_args' from command line to 'None'
[0.433s] Level 5:colcon.colcon_core.verb:set package 'tb4_cedric_pkg_1' build argument 'catkin_skip_building_tests' from command line to 'False'
[0.433s] DEBUG:colcon.colcon_core.verb:Building package 'tb4_cedric_pkg_1' with the following arguments: {'ament_cmake_args': None, 'build_base': '/home/cedric/Desktop/PROLAB/proLAB_CedericoV1/ros2_ws_1/build/tb4_cedric_pkg_1', 'catkin_cmake_args': None, 'catkin_skip_building_tests': False, 'cmake_args': None, 'cmake_clean_cache': False, 'cmake_clean_first': False, 'cmake_force_configure': False, 'cmake_target': None, 'cmake_target_skip_unavailable': False, 'install_base': '/home/cedric/Desktop/PROLAB/proLAB_CedericoV1/ros2_ws_1/install/tb4_cedric_pkg_1', 'merge_install': False, 'path': '/home/cedric/Desktop/PROLAB/proLAB_CedericoV1/ros2_ws_1/src/tb4_cedric_pkg_1', 'symlink_install': True, 'test_result_base': None}
[0.433s] INFO:colcon.colcon_core.executor:Executing jobs using 'parallel' executor
[0.435s] DEBUG:colcon.colcon_parallel_executor.executor.parallel:run_until_complete
[0.435s] INFO:colcon.colcon_ros.task.ament_cmake.build:Building ROS package in '/home/cedric/Desktop/PROLAB/proLAB_CedericoV1/ros2_ws_1/src/tb4_cedric_pkg_1' with build type 'ament_cmake'
[0.435s] INFO:colcon.colcon_cmake.task.cmake.build:Building CMake package in '/home/cedric/Desktop/PROLAB/proLAB_CedericoV1/ros2_ws_1/src/tb4_cedric_pkg_1'
[0.438s] INFO:colcon.colcon_core.plugin_system:Skipping extension 'colcon_core.shell.bat': Not used on non-Windows systems
[0.439s] INFO:colcon.colcon_core.shell:Skip shell extension 'powershell' for command environment: Not usable outside of PowerShell
[0.439s] DEBUG:colcon.colcon_core.shell:Skip shell extension 'dsv' for command environment
[0.472s] DEBUG:colcon.colcon_core.event_handler.log_command:Invoking command in '/home/cedric/Desktop/PROLAB/proLAB_CedericoV1/ros2_ws_1/build/tb4_cedric_pkg_1': CMAKE_PREFIX_PATH=${CMAKE_PREFIX_PATH}:/opt/ros/foxy /usr/bin/cmake --build /home/cedric/Desktop/PROLAB/proLAB_CedericoV1/ros2_ws_1/build/tb4_cedric_pkg_1 -- -j16 -l16
[6.544s] DEBUG:colcon.colcon_core.event_handler.log_command:Invoked command in '/home/cedric/Desktop/PROLAB/proLAB_CedericoV1/ros2_ws_1/build/tb4_cedric_pkg_1' returned '0': CMAKE_PREFIX_PATH=${CMAKE_PREFIX_PATH}:/opt/ros/foxy /usr/bin/cmake --build /home/cedric/Desktop/PROLAB/proLAB_CedericoV1/ros2_ws_1/build/tb4_cedric_pkg_1 -- -j16 -l16
[6.574s] DEBUG:colcon.colcon_core.event_handler.log_command:Invoking command in '/home/cedric/Desktop/PROLAB/proLAB_CedericoV1/ros2_ws_1/build/tb4_cedric_pkg_1': CMAKE_PREFIX_PATH=${CMAKE_PREFIX_PATH}:/opt/ros/foxy /usr/bin/cmake --install /home/cedric/Desktop/PROLAB/proLAB_CedericoV1/ros2_ws_1/build/tb4_cedric_pkg_1
[6.619s] Level 1:colcon.colcon_core.environment:create_environment_scripts_only(tb4_cedric_pkg_1)
[6.620s] DEBUG:colcon.colcon_core.event_handler.log_command:Invoked command in '/home/cedric/Desktop/PROLAB/proLAB_CedericoV1/ros2_ws_1/build/tb4_cedric_pkg_1' returned '0': CMAKE_PREFIX_PATH=${CMAKE_PREFIX_PATH}:/opt/ros/foxy /usr/bin/cmake --install /home/cedric/Desktop/PROLAB/proLAB_CedericoV1/ros2_ws_1/build/tb4_cedric_pkg_1
[6.625s] Level 1:colcon.colcon_core.environment:checking '/home/cedric/Desktop/PROLAB/proLAB_CedericoV1/ros2_ws_1/install/tb4_cedric_pkg_1' for CMake module files
[6.627s] Level 1:colcon.colcon_core.environment:checking '/home/cedric/Desktop/PROLAB/proLAB_CedericoV1/ros2_ws_1/install/tb4_cedric_pkg_1' for CMake config files
[6.628s] Level 1:colcon.colcon_core.shell:create_environment_hook('tb4_cedric_pkg_1', 'cmake_prefix_path')
[6.628s] INFO:colcon.colcon_core.shell:Creating environment hook '/home/cedric/Desktop/PROLAB/proLAB_CedericoV1/ros2_ws_1/install/tb4_cedric_pkg_1/share/tb4_cedric_pkg_1/hook/cmake_prefix_path.ps1'
[6.630s] INFO:colcon.colcon_core.shell:Creating environment descriptor '/home/cedric/Desktop/PROLAB/proLAB_CedericoV1/ros2_ws_1/install/tb4_cedric_pkg_1/share/tb4_cedric_pkg_1/hook/cmake_prefix_path.dsv'
[6.631s] INFO:colcon.colcon_core.shell:Creating environment hook '/home/cedric/Desktop/PROLAB/proLAB_CedericoV1/ros2_ws_1/install/tb4_cedric_pkg_1/share/tb4_cedric_pkg_1/hook/cmake_prefix_path.sh'
[6.633s] Level 1:colcon.colcon_core.environment:checking '/home/cedric/Desktop/PROLAB/proLAB_CedericoV1/ros2_ws_1/install/tb4_cedric_pkg_1/lib'
[6.634s] Level 1:colcon.colcon_core.environment:checking '/home/cedric/Desktop/PROLAB/proLAB_CedericoV1/ros2_ws_1/install/tb4_cedric_pkg_1/bin'
[6.634s] Level 1:colcon.colcon_core.environment:checking '/home/cedric/Desktop/PROLAB/proLAB_CedericoV1/ros2_ws_1/install/tb4_cedric_pkg_1/lib/pkgconfig/tb4_cedric_pkg_1.pc'
[6.634s] Level 1:colcon.colcon_core.environment:checking '/home/cedric/Desktop/PROLAB/proLAB_CedericoV1/ros2_ws_1/install/tb4_cedric_pkg_1/lib/python3.8/site-packages'
[6.634s] Level 1:colcon.colcon_core.environment:checking '/home/cedric/Desktop/PROLAB/proLAB_CedericoV1/ros2_ws_1/install/tb4_cedric_pkg_1/bin'
[6.635s] INFO:colcon.colcon_core.shell:Creating package script '/home/cedric/Desktop/PROLAB/proLAB_CedericoV1/ros2_ws_1/install/tb4_cedric_pkg_1/share/tb4_cedric_pkg_1/package.ps1'
[6.636s] INFO:colcon.colcon_core.shell:Creating package descriptor '/home/cedric/Desktop/PROLAB/proLAB_CedericoV1/ros2_ws_1/install/tb4_cedric_pkg_1/share/tb4_cedric_pkg_1/package.dsv'
[6.636s] INFO:colcon.colcon_core.shell:Creating package script '/home/cedric/Desktop/PROLAB/proLAB_CedericoV1/ros2_ws_1/install/tb4_cedric_pkg_1/share/tb4_cedric_pkg_1/package.sh'
[6.636s] INFO:colcon.colcon_core.shell:Creating package script '/home/cedric/Desktop/PROLAB/proLAB_CedericoV1/ros2_ws_1/install/tb4_cedric_pkg_1/share/tb4_cedric_pkg_1/package.bash'
[6.637s] INFO:colcon.colcon_core.shell:Creating package script '/home/cedric/Desktop/PROLAB/proLAB_CedericoV1/ros2_ws_1/install/tb4_cedric_pkg_1/share/tb4_cedric_pkg_1/package.zsh'
[6.638s] Level 1:colcon.colcon_core.environment:create_file_with_runtime_dependencies(/home/cedric/Desktop/PROLAB/proLAB_CedericoV1/ros2_ws_1/install/tb4_cedric_pkg_1/share/colcon-core/packages/tb4_cedric_pkg_1)
[6.638s] Level 1:colcon.colcon_core.environment:create_environment_scripts_only(tb4_cedric_pkg_1)
[6.638s] Level 1:colcon.colcon_core.environment:checking '/home/cedric/Desktop/PROLAB/proLAB_CedericoV1/ros2_ws_1/install/tb4_cedric_pkg_1' for CMake module files
[6.639s] Level 1:colcon.colcon_core.environment:checking '/home/cedric/Desktop/PROLAB/proLAB_CedericoV1/ros2_ws_1/install/tb4_cedric_pkg_1' for CMake config files
[6.639s] Level 1:colcon.colcon_core.shell:create_environment_hook('tb4_cedric_pkg_1', 'cmake_prefix_path')
[6.639s] INFO:colcon.colcon_core.shell:Creating environment hook '/home/cedric/Desktop/PROLAB/proLAB_CedericoV1/ros2_ws_1/install/tb4_cedric_pkg_1/share/tb4_cedric_pkg_1/hook/cmake_prefix_path.ps1'
[6.640s] INFO:colcon.colcon_core.shell:Creating environment descriptor '/home/cedric/Desktop/PROLAB/proLAB_CedericoV1/ros2_ws_1/install/tb4_cedric_pkg_1/share/tb4_cedric_pkg_1/hook/cmake_prefix_path.dsv'
[6.640s] INFO:colcon.colcon_core.shell:Creating environment hook '/home/cedric/Desktop/PROLAB/proLAB_CedericoV1/ros2_ws_1/install/tb4_cedric_pkg_1/share/tb4_cedric_pkg_1/hook/cmake_prefix_path.sh'
[6.640s] Level 1:colcon.colcon_core.environment:checking '/home/cedric/Desktop/PROLAB/proLAB_CedericoV1/ros2_ws_1/install/tb4_cedric_pkg_1/lib'
[6.640s] Level 1:colcon.colcon_core.environment:checking '/home/cedric/Desktop/PROLAB/proLAB_CedericoV1/ros2_ws_1/install/tb4_cedric_pkg_1/bin'
[6.640s] Level 1:colcon.colcon_core.environment:checking '/home/cedric/Desktop/PROLAB/proLAB_CedericoV1/ros2_ws_1/install/tb4_cedric_pkg_1/lib/pkgconfig/tb4_cedric_pkg_1.pc'
[6.641s] Level 1:colcon.colcon_core.environment:checking '/home/cedric/Desktop/PROLAB/proLAB_CedericoV1/ros2_ws_1/install/tb4_cedric_pkg_1/lib/python3.8/site-packages'
[6.641s] Level 1:colcon.colcon_core.environment:checking '/home/cedric/Desktop/PROLAB/proLAB_CedericoV1/ros2_ws_1/install/tb4_cedric_pkg_1/bin'
[6.641s] INFO:colcon.colcon_core.shell:Creating package script '/home/cedric/Desktop/PROLAB/proLAB_CedericoV1/ros2_ws_1/install/tb4_cedric_pkg_1/share/tb4_cedric_pkg_1/package.ps1'
[6.641s] INFO:colcon.colcon_core.shell:Creating package descriptor '/home/cedric/Desktop/PROLAB/proLAB_CedericoV1/ros2_ws_1/install/tb4_cedric_pkg_1/share/tb4_cedric_pkg_1/package.dsv'
[6.642s] INFO:colcon.colcon_core.shell:Creating package script '/home/cedric/Desktop/PROLAB/proLAB_CedericoV1/ros2_ws_1/install/tb4_cedric_pkg_1/share/tb4_cedric_pkg_1/package.sh'
[6.642s] INFO:colcon.colcon_core.shell:Creating package script '/home/cedric/Desktop/PROLAB/proLAB_CedericoV1/ros2_ws_1/install/tb4_cedric_pkg_1/share/tb4_cedric_pkg_1/package.bash'
[6.643s] INFO:colcon.colcon_core.shell:Creating package script '/home/cedric/Desktop/PROLAB/proLAB_CedericoV1/ros2_ws_1/install/tb4_cedric_pkg_1/share/tb4_cedric_pkg_1/package.zsh'
[6.643s] Level 1:colcon.colcon_core.environment:create_file_with_runtime_dependencies(/home/cedric/Desktop/PROLAB/proLAB_CedericoV1/ros2_ws_1/install/tb4_cedric_pkg_1/share/colcon-core/packages/tb4_cedric_pkg_1)
[6.643s] DEBUG:colcon.colcon_parallel_executor.executor.parallel:closing loop
[6.644s] DEBUG:colcon.colcon_parallel_executor.executor.parallel:loop closed
[6.644s] DEBUG:colcon.colcon_parallel_executor.executor.parallel:run_until_complete finished with '0'
[6.644s] DEBUG:colcon.colcon_core.event_reactor:joining thread
[6.654s] INFO:colcon.colcon_core.plugin_system:Skipping extension 'colcon_notification.desktop_notification.terminal_notifier': Not used on non-Darwin systems
[6.654s] INFO:colcon.colcon_core.plugin_system:Skipping extension 'colcon_notification.desktop_notification.win32': Not used on non-Windows systems
[6.654s] INFO:colcon.colcon_notification.desktop_notification:Sending desktop notification using 'notify2'
[6.683s] DEBUG:colcon.colcon_core.event_reactor:joined thread
[6.683s] INFO:colcon.colcon_core.shell:Creating prefix script '/home/cedric/Desktop/PROLAB/proLAB_CedericoV1/ros2_ws_1/install/local_setup.ps1'
[6.685s] INFO:colcon.colcon_core.shell:Creating prefix util module '/home/cedric/Desktop/PROLAB/proLAB_CedericoV1/ros2_ws_1/install/_local_setup_util_ps1.py'
[6.688s] INFO:colcon.colcon_core.shell:Creating prefix chain script '/home/cedric/Desktop/PROLAB/proLAB_CedericoV1/ros2_ws_1/install/setup.ps1'
[6.690s] INFO:colcon.colcon_core.shell:Creating prefix script '/home/cedric/Desktop/PROLAB/proLAB_CedericoV1/ros2_ws_1/install/local_setup.sh'
[6.691s] INFO:colcon.colcon_core.shell:Creating prefix util module '/home/cedric/Desktop/PROLAB/proLAB_CedericoV1/ros2_ws_1/install/_local_setup_util_sh.py'
[6.692s] INFO:colcon.colcon_core.shell:Creating prefix chain script '/home/cedric/Desktop/PROLAB/proLAB_CedericoV1/ros2_ws_1/install/setup.sh'
[6.694s] INFO:colcon.colcon_core.shell:Creating prefix script '/home/cedric/Desktop/PROLAB/proLAB_CedericoV1/ros2_ws_1/install/local_setup.bash'
[6.695s] INFO:colcon.colcon_core.shell:Creating prefix chain script '/home/cedric/Desktop/PROLAB/proLAB_CedericoV1/ros2_ws_1/install/setup.bash'
[6.697s] INFO:colcon.colcon_core.shell:Creating prefix script '/home/cedric/Desktop/PROLAB/proLAB_CedericoV1/ros2_ws_1/install/local_setup.zsh'
[6.697s] INFO:colcon.colcon_core.shell:Creating prefix chain script '/home/cedric/Desktop/PROLAB/proLAB_CedericoV1/ros2_ws_1/install/setup.zsh'
