[0.026s] Invoking command in '/home/cedric/Desktop/PROLAB/proLAB_CedericoV1/build/tb4_cedric_pkg_1': CMAKE_PREFIX_PATH=/opt/ros/foxy /usr/bin/cmake --build /home/cedric/Desktop/PROLAB/proLAB_CedericoV1/build/tb4_cedric_pkg_1 -- -j16 -l16
[0.075s] -- Found ament_cmake: 0.9.12 (/opt/ros/foxy/share/ament_cmake/cmake)
[0.100s] -- Using PYTHON_EXECUTABLE: /usr/bin/python3
[0.253s] -- Override CMake install command with custom implementation using symlinks instead of copying resources
[0.267s] -- Found rclcpp: 2.4.3 (/opt/ros/foxy/share/rclcpp/cmake)
[0.295s] -- Using all available rosidl_typesupport_c: rosidl_typesupport_fastrtps_c;rosidl_typesupport_introspection_c
[0.298s] -- Found rosidl_adapter: 1.3.1 (/opt/ros/foxy/share/rosidl_adapter/cmake)
[0.463s] -- Using all available rosidl_typesupport_cpp: rosidl_typesupport_fastrtps_cpp;rosidl_typesupport_introspection_cpp
[0.503s] -- Found rmw_implementation_cmake: 1.0.4 (/opt/ros/foxy/share/rmw_implementation_cmake/cmake)
[0.504s] -- Using RMW implementation 'rmw_fastrtps_cpp' as default
[0.633s] -- Found geometry_msgs: 2.0.5 (/opt/ros/foxy/share/geometry_msgs/cmake)
[0.661s] -- Found nav_msgs: 2.0.5 (/opt/ros/foxy/share/nav_msgs/cmake)
[0.725s] -- Found sensor_msgs: 2.0.5 (/opt/ros/foxy/share/sensor_msgs/cmake)
[0.785s] -- Found tf2: 0.13.14 (/opt/ros/foxy/share/tf2/cmake)
[0.792s] -- Found tf2_ros: 0.13.14 (/opt/ros/foxy/share/tf2_ros/cmake)
[1.067s] -- Found ament_lint_auto: 0.9.8 (/opt/ros/foxy/share/ament_lint_auto/cmake)
[1.148s] -- Added test 'copyright' to check source files copyright and LICENSE
[1.150s] -- Added test 'cppcheck' to perform static code analysis on C / C++ code
[1.151s] -- Configured cppcheck include dirs: 
[1.151s] -- Configured cppcheck exclude dirs and/or files: 
[1.153s] -- Added test 'cpplint' to check C / C++ code against the Google style
[1.153s] -- Configured cpplint exclude dirs and/or files: 
[1.154s] -- Added test 'flake8' to check Python code syntax and style conventions
[1.155s] -- Added test 'lint_cmake' to check CMake code style
[1.155s] -- Added test 'pep257' to check Python code against some of the style conventions in PEP 257
[1.158s] -- Added test 'uncrustify' to check C / C++ code style
[1.158s] -- Configured uncrustify additional arguments: 
[1.158s] -- Added test 'xmllint' to check XML markup files
[1.162s] -- Configuring done
[1.173s] -- Generating done
[1.179s] -- Build files have been written to: /home/cedric/Desktop/PROLAB/proLAB_CedericoV1/build/tb4_cedric_pkg_1
[1.230s] [35m[1mScanning dependencies of target recorder_node[0m
[1.261s] [ 50%] Built target test_node
[1.271s] [ 75%] [32mBuilding CXX object CMakeFiles/recorder_node.dir/src/recorder_node.cpp.o[0m
[5.408s] [100%] [32m[1mLinking CXX executable recorder_node[0m
[5.691s] [100%] Built target recorder_node
[5.707s] Invoked command in '/home/cedric/Desktop/PROLAB/proLAB_CedericoV1/build/tb4_cedric_pkg_1' returned '0': CMAKE_PREFIX_PATH=/opt/ros/foxy /usr/bin/cmake --build /home/cedric/Desktop/PROLAB/proLAB_CedericoV1/build/tb4_cedric_pkg_1 -- -j16 -l16
[5.735s] Invoking command in '/home/cedric/Desktop/PROLAB/proLAB_CedericoV1/build/tb4_cedric_pkg_1': CMAKE_PREFIX_PATH=/opt/ros/foxy /usr/bin/cmake --install /home/cedric/Desktop/PROLAB/proLAB_CedericoV1/build/tb4_cedric_pkg_1
[5.747s] -- Install configuration: ""
[5.748s] -- Execute custom install script
[5.748s] -- Up-to-date symlink: /home/cedric/Desktop/PROLAB/proLAB_CedericoV1/install/tb4_cedric_pkg_1/share/tb4_cedric_pkg_1/launch/simulation.launch.py
[5.749s] -- Up-to-date symlink: /home/cedric/Desktop/PROLAB/proLAB_CedericoV1/install/tb4_cedric_pkg_1/lib/tb4_cedric_pkg_1/test_node
[5.749s] -- Up-to-date symlink: /home/cedric/Desktop/PROLAB/proLAB_CedericoV1/install/tb4_cedric_pkg_1/lib/tb4_cedric_pkg_1/recorder_node
[5.750s] -- Up-to-date symlink: /home/cedric/Desktop/PROLAB/proLAB_CedericoV1/install/tb4_cedric_pkg_1/share/tb4_cedric_pkg_1/launch/simulation.launch.py
[5.750s] -- Symlinking: /home/cedric/Desktop/PROLAB/proLAB_CedericoV1/install/tb4_cedric_pkg_1/share/tb4_cedric_pkg_1/trajectories/robot_path.csv
[5.766s] -- Up-to-date symlink: /home/cedric/Desktop/PROLAB/proLAB_CedericoV1/install/tb4_cedric_pkg_1/share/ament_index/resource_index/package_run_dependencies/tb4_cedric_pkg_1
[5.766s] -- Up-to-date symlink: /home/cedric/Desktop/PROLAB/proLAB_CedericoV1/install/tb4_cedric_pkg_1/share/ament_index/resource_index/parent_prefix_path/tb4_cedric_pkg_1
[5.767s] -- Up-to-date symlink: /home/cedric/Desktop/PROLAB/proLAB_CedericoV1/install/tb4_cedric_pkg_1/share/tb4_cedric_pkg_1/environment/ament_prefix_path.sh
[5.767s] -- Up-to-date symlink: /home/cedric/Desktop/PROLAB/proLAB_CedericoV1/install/tb4_cedric_pkg_1/share/tb4_cedric_pkg_1/environment/ament_prefix_path.dsv
[5.768s] -- Up-to-date symlink: /home/cedric/Desktop/PROLAB/proLAB_CedericoV1/install/tb4_cedric_pkg_1/share/tb4_cedric_pkg_1/environment/path.sh
[5.769s] -- Up-to-date symlink: /home/cedric/Desktop/PROLAB/proLAB_CedericoV1/install/tb4_cedric_pkg_1/share/tb4_cedric_pkg_1/environment/path.dsv
[5.769s] -- Up-to-date symlink: /home/cedric/Desktop/PROLAB/proLAB_CedericoV1/install/tb4_cedric_pkg_1/share/tb4_cedric_pkg_1/local_setup.bash
[5.770s] -- Up-to-date symlink: /home/cedric/Desktop/PROLAB/proLAB_CedericoV1/install/tb4_cedric_pkg_1/share/tb4_cedric_pkg_1/local_setup.sh
[5.771s] -- Up-to-date symlink: /home/cedric/Desktop/PROLAB/proLAB_CedericoV1/install/tb4_cedric_pkg_1/share/tb4_cedric_pkg_1/local_setup.zsh
[5.771s] -- Up-to-date symlink: /home/cedric/Desktop/PROLAB/proLAB_CedericoV1/install/tb4_cedric_pkg_1/share/tb4_cedric_pkg_1/local_setup.dsv
[5.772s] -- Symlinking: /home/cedric/Desktop/PROLAB/proLAB_CedericoV1/install/tb4_cedric_pkg_1/share/tb4_cedric_pkg_1/package.dsv
[5.793s] -- Up-to-date symlink: /home/cedric/Desktop/PROLAB/proLAB_CedericoV1/install/tb4_cedric_pkg_1/share/ament_index/resource_index/packages/tb4_cedric_pkg_1
[5.793s] -- Up-to-date symlink: /home/cedric/Desktop/PROLAB/proLAB_CedericoV1/install/tb4_cedric_pkg_1/share/tb4_cedric_pkg_1/cmake/tb4_cedric_pkg_1Config.cmake
[5.794s] -- Up-to-date symlink: /home/cedric/Desktop/PROLAB/proLAB_CedericoV1/install/tb4_cedric_pkg_1/share/tb4_cedric_pkg_1/cmake/tb4_cedric_pkg_1Config-version.cmake
[5.795s] -- Up-to-date symlink: /home/cedric/Desktop/PROLAB/proLAB_CedericoV1/install/tb4_cedric_pkg_1/share/tb4_cedric_pkg_1/package.xml
[5.801s] Invoked command in '/home/cedric/Desktop/PROLAB/proLAB_CedericoV1/build/tb4_cedric_pkg_1' returned '0': CMAKE_PREFIX_PATH=/opt/ros/foxy /usr/bin/cmake --install /home/cedric/Desktop/PROLAB/proLAB_CedericoV1/build/tb4_cedric_pkg_1
