[0.023s] Invoking command in '/home/cedric/Desktop/PROLAB/proLAB_CedericoV1/ros2_ws_1/build/tb4_cedric_pkg_1': CMAKE_PREFIX_PATH=${CMAKE_PREFIX_PATH}:/opt/ros/foxy /usr/bin/cmake --build /home/cedric/Desktop/PROLAB/proLAB_CedericoV1/ros2_ws_1/build/tb4_cedric_pkg_1 -- -j16 -l16
[0.109s] [35m[1mScanning dependencies of target recorder_node[0m
[0.111s] [35m[1mScanning dependencies of target kalman_filter_node[0m
[0.141s] [ 20%] Built target noisy_odometry_node
[0.146s] [ 40%] Built target test_node
[0.146s] [ 60%] Built target joint_noise_node
[0.155s] [ 70%] [32mBuilding CXX object CMakeFiles/recorder_node.dir/src/recorder_node.cpp.o[0m
[0.173s] [ 80%] [32mBuilding CXX object CMakeFiles/kalman_filter_node.dir/src/kalman_filter_node.cpp.o[0m
[2.351s] [01m[K/home/cedric/Desktop/PROLAB/proLAB_CedericoV1/ros2_ws_1/src/tb4_cedric_pkg_1/src/kalman_filter_node.cpp:[m[K In lambda function:
[2.351s] [01m[K/home/cedric/Desktop/PROLAB/proLAB_CedericoV1/ros2_ws_1/src/tb4_cedric_pkg_1/src/kalman_filter_node.cpp:130:23:[m[K [01;31m[Kerror: [m[K‘[01m[Kusing _pose_type = struct geometry_msgs::msg::PoseWithCovariance_<std::allocator<void> >[m[K’ {aka ‘[01m[Kstruct geometry_msgs::msg::PoseWithCovariance_<std::allocator<void> >[m[K’} has no member named ‘[01m[Kposition[m[K’
[2.352s]   130 |         pose_msg.pose.[01;31m[Kposition[m[K.x = x_hat(0);
[2.352s]       |                       [01;31m[K^~~~~~~~[m[K
[2.352s] [01m[K/home/cedric/Desktop/PROLAB/proLAB_CedericoV1/ros2_ws_1/src/tb4_cedric_pkg_1/src/kalman_filter_node.cpp:131:23:[m[K [01;31m[Kerror: [m[K‘[01m[Kusing _pose_type = struct geometry_msgs::msg::PoseWithCovariance_<std::allocator<void> >[m[K’ {aka ‘[01m[Kstruct geometry_msgs::msg::PoseWithCovariance_<std::allocator<void> >[m[K’} has no member named ‘[01m[Kposition[m[K’
[2.352s]   131 |         pose_msg.pose.[01;31m[Kposition[m[K.y = x_hat(1);
[2.352s]       |                       [01;31m[K^~~~~~~~[m[K
[4.703s] make[2]: *** [CMakeFiles/kalman_filter_node.dir/build.make:63: CMakeFiles/kalman_filter_node.dir/src/kalman_filter_node.cpp.o] Error 1
[4.704s] make[1]: *** [CMakeFiles/Makefile2:167: CMakeFiles/kalman_filter_node.dir/all] Error 2
[4.704s] make[1]: *** Waiting for unfinished jobs....
[5.897s] [ 90%] [32m[1mLinking CXX executable recorder_node[0m
[6.235s] [ 90%] Built target recorder_node
[6.237s] make: *** [Makefile:141: all] Error 2
[6.242s] Invoked command in '/home/cedric/Desktop/PROLAB/proLAB_CedericoV1/ros2_ws_1/build/tb4_cedric_pkg_1' returned '2': CMAKE_PREFIX_PATH=${CMAKE_PREFIX_PATH}:/opt/ros/foxy /usr/bin/cmake --build /home/cedric/Desktop/PROLAB/proLAB_CedericoV1/ros2_ws_1/build/tb4_cedric_pkg_1 -- -j16 -l16
