[0.025s] Invoking command in '/home/cedric/Desktop/PROLAB/proLAB_CedericoV1/ros2_ws_1/build/tb4_cedric_pkg_1': CMAKE_PREFIX_PATH=${CMAKE_PREFIX_PATH}:/opt/ros/foxy /usr/bin/cmake --build /home/cedric/Desktop/PROLAB/proLAB_CedericoV1/ros2_ws_1/build/tb4_cedric_pkg_1 -- -j16 -l16
[0.112s] [35m[1mScanning dependencies of target extended_kalman_filter_node[0m
[0.127s] [ 16%] Built target test_node
[0.131s] [ 33%] Built target recorder_node
[0.133s] [ 50%] Built target joint_noise_node
[0.133s] [ 66%] Built target noisy_odometry_node
[0.151s] [ 83%] Built target kalman_filter_node
[0.169s] [ 91%] [32mBuilding CXX object CMakeFiles/extended_kalman_filter_node.dir/src/extended_kalman_filter_node.cpp.o[0m
[2.182s] [01m[K/home/cedric/Desktop/PROLAB/proLAB_CedericoV1/ros2_ws_1/src/tb4_cedric_pkg_1/src/extended_kalman_filter_node.cpp:[m[K In member function ‘[01m[Kvoid ExtendedKalmanFilterNode::filter_loop()[m[K’:
[2.182s] [01m[K/home/cedric/Desktop/PROLAB/proLAB_CedericoV1/ros2_ws_1/src/tb4_cedric_pkg_1/src/extended_kalman_filter_node.cpp:71:9:[m[K [01;31m[Kerror: [m[K‘[01m[Klast_time[m[K’ was not declared in this scope; did you mean ‘[01m[Klast_time_[m[K’?
[2.182s]    71 |         [01;31m[Klast_time[m[K = current_time;
[2.182s]       |         [01;31m[K^~~~~~~~~[m[K
[2.182s]       |         [32m[Klast_time_[m[K
[2.184s] [01m[K/home/cedric/Desktop/PROLAB/proLAB_CedericoV1/ros2_ws_1/src/tb4_cedric_pkg_1/src/extended_kalman_filter_node.cpp:94:9:[m[K [01;31m[Kerror: [m[K‘[01m[KP[m[K’ was not declared in this scope; did you mean ‘[01m[KP_[m[K’?
[2.184s]    94 |         [01;31m[KP[m[K = F * P_ * F.transpose() + Q_;
[2.185s]       |         [01;31m[K^[m[K
[2.185s]       |         [32m[KP_[m[K
[5.548s] make[2]: *** [CMakeFiles/extended_kalman_filter_node.dir/build.make:63: CMakeFiles/extended_kalman_filter_node.dir/src/extended_kalman_filter_node.cpp.o] Error 1
[5.549s] make[1]: *** [CMakeFiles/Makefile2:169: CMakeFiles/extended_kalman_filter_node.dir/all] Error 2
[5.549s] make: *** [Makefile:141: all] Error 2
[5.555s] Invoked command in '/home/cedric/Desktop/PROLAB/proLAB_CedericoV1/ros2_ws_1/build/tb4_cedric_pkg_1' returned '2': CMAKE_PREFIX_PATH=${CMAKE_PREFIX_PATH}:/opt/ros/foxy /usr/bin/cmake --build /home/cedric/Desktop/PROLAB/proLAB_CedericoV1/ros2_ws_1/build/tb4_cedric_pkg_1 -- -j16 -l16
