[35m[1mScanning dependencies of target landmark_test_node[0m
[35m[1mScanning dependencies of target recorder_node[0m
[ 12%] Built target joint_noise_node
[ 37%] Built target test_node
[ 37%] Built target noisy_odometry_node
[ 50%] Built target kalman_filter_node
[ 56%] [32mBuilding CXX object CMakeFiles/landmark_test_node.dir/src/landmark_test_node.cpp.o[0m
[ 81%] Built target extended_kalman_filter_node
[ 81%] Built target ekf_landmark_node
[ 87%] [32mBuilding CXX object CMakeFiles/recorder_node.dir/src/recorder_node.cpp.o[0m
[01m[K/home/cedric/Desktop/PROLAB/proLAB_CedericoV1/ros2_ws_1/src/tb4_cedric_pkg_1/src/landmark_test_node.cpp:[m[K In member function ‘[01m[Kvoid LandmarkTestNode::scan_callback(sensor_msgs::msg::LaserScan_<std::allocator<void> >::SharedPtr)[m[K’:
[01m[K/home/cedric/Desktop/PROLAB/proLAB_CedericoV1/ros2_ws_1/src/tb4_cedric_pkg_1/src/landmark_test_node.cpp:46:17:[m[K [01;31m[Kerror: [m[K‘[01m[KEigen[m[K’ was not declared in this scope
   46 |     std::vector<[01;31m[KEigen[m[K::Vector2d> local_points(num_points);
      |                 [01;31m[K^~~~~[m[K
[01m[K/home/cedric/Desktop/PROLAB/proLAB_CedericoV1/ros2_ws_1/src/tb4_cedric_pkg_1/src/landmark_test_node.cpp:46:32:[m[K [01;31m[Kerror: [m[Ktemplate argument 1 is invalid
   46 |     std::vector<Eigen::Vector2d[01;31m[K>[m[K local_points(num_points);
      |                                [01;31m[K^[m[K
[01m[K/home/cedric/Desktop/PROLAB/proLAB_CedericoV1/ros2_ws_1/src/tb4_cedric_pkg_1/src/landmark_test_node.cpp:46:32:[m[K [01;31m[Kerror: [m[Ktemplate argument 2 is invalid
[01m[K/home/cedric/Desktop/PROLAB/proLAB_CedericoV1/ros2_ws_1/src/tb4_cedric_pkg_1/src/landmark_test_node.cpp:53:27:[m[K [01;31m[Kerror: [m[Kinvalid types ‘[01m[Kint[size_t {aka long unsigned int}][m[K’ for array subscript
   53 |             local_points[i[01;31m[K][m[K = Eigen::Vector2d(r * std::cos(angle), r * std::sin(angle));
      |                           [01;31m[K^[m[K
[01m[K/home/cedric/Desktop/PROLAB/proLAB_CedericoV1/ros2_ws_1/src/tb4_cedric_pkg_1/src/landmark_test_node.cpp:53:31:[m[K [01;31m[Kerror: [m[K‘[01m[KEigen[m[K’ is not a class, namespace, or enumeration
   53 |             local_points[i] = [01;31m[KEigen[m[K::Vector2d(r * std::cos(angle), r * std::sin(angle));
      |                               [01;31m[K^~~~~[m[K
[01m[K/home/cedric/Desktop/PROLAB/proLAB_CedericoV1/ros2_ws_1/src/tb4_cedric_pkg_1/src/landmark_test_node.cpp:60:9:[m[K [01;31m[Kerror: [m[K‘[01m[KEigen[m[K’ does not name a type
   60 |         [01;31m[KEigen[m[K::Vector2d center_sum = Eigen::Vector2d::Zero();
      |         [01;31m[K^~~~~[m[K
[01m[K/home/cedric/Desktop/PROLAB/proLAB_CedericoV1/ros2_ws_1/src/tb4_cedric_pkg_1/src/landmark_test_node.cpp:77:36:[m[K [01;31m[Kerror: [m[Kinvalid types ‘[01m[Kint[size_t {aka long unsigned int}][m[K’ for array subscript
   77 |         auto p1 = local_points[idx1[01;31m[K][m[K; auto p2 = local_points[idx2]; auto p3 = local_points[idx3];
      |                                    [01;31m[K^[m[K
[01m[K/home/cedric/Desktop/PROLAB/proLAB_CedericoV1/ros2_ws_1/src/tb4_cedric_pkg_1/src/landmark_test_node.cpp:77:66:[m[K [01;31m[Kerror: [m[Kinvalid types ‘[01m[Kint[size_t {aka long unsigned int}][m[K’ for array subscript
   77 |         auto p1 = local_points[idx1]; auto p2 = local_points[idx2[01;31m[K][m[K; auto p3 = local_points[idx3];
      |                                                                  [01;31m[K^[m[K
[01m[K/home/cedric/Desktop/PROLAB/proLAB_CedericoV1/ros2_ws_1/src/tb4_cedric_pkg_1/src/landmark_test_node.cpp:77:96:[m[K [01;31m[Kerror: [m[Kinvalid types ‘[01m[Kint[size_t {aka long unsigned int}][m[K’ for array subscript
   77 |         auto p1 = local_points[idx1]; auto p2 = local_points[idx2]; auto p3 = local_points[idx3[01;31m[K][m[K;
      |                                                                                                [01;31m[K^[m[K
[01m[K/home/cedric/Desktop/PROLAB/proLAB_CedericoV1/ros2_ws_1/src/tb4_cedric_pkg_1/src/landmark_test_node.cpp:98:13:[m[K [01;31m[Kerror: [m[K‘[01m[KEigen[m[K’ is not a class, namespace, or enumeration
   98 |             [01;31m[KEigen[m[K::Vector2d new_center(cx, cy);
      |             [01;31m[K^~~~~[m[K
[01m[K/home/cedric/Desktop/PROLAB/proLAB_CedericoV1/ros2_ws_1/src/tb4_cedric_pkg_1/src/landmark_test_node.cpp:103:17:[m[K [01;31m[Kerror: [m[K‘[01m[KEigen[m[K’ is not a class, namespace, or enumeration
  103 |                 [01;31m[KEigen[m[K::Vector2d current_center = clus.center_sum / clus.votes;
      |                 [01;31m[K^~~~~[m[K
[01m[K/home/cedric/Desktop/PROLAB/proLAB_CedericoV1/ros2_ws_1/src/tb4_cedric_pkg_1/src/landmark_test_node.cpp:104:22:[m[K [01;31m[Kerror: [m[K‘[01m[Kcurrent_center[m[K’ was not declared in this scope
  104 |                 if (([01;31m[Kcurrent_center[m[K - new_center).norm() < cluster_threshold) {
      |                      [01;31m[K^~~~~~~~~~~~~~[m[K
[01m[K/home/cedric/Desktop/PROLAB/proLAB_CedericoV1/ros2_ws_1/src/tb4_cedric_pkg_1/src/landmark_test_node.cpp:104:39:[m[K [01;31m[Kerror: [m[K‘[01m[Knew_center[m[K’ was not declared in this scope
  104 |                 if ((current_center - [01;31m[Knew_center[m[K).norm() < cluster_threshold) {
      |                                       [01;31m[K^~~~~~~~~~[m[K
[01m[K/home/cedric/Desktop/PROLAB/proLAB_CedericoV1/ros2_ws_1/src/tb4_cedric_pkg_1/src/landmark_test_node.cpp:109:26:[m[K [01;31m[Kerror: [m[K‘[01m[Kstruct LandmarkTestNode::scan_callback(sensor_msgs::msg::LaserScan_<std::allocator<void> >::SharedPtr)::LandmarkCluster[m[K’ has no member named ‘[01m[Kcenter_sum[m[K’
  109 |                     clus.[01;31m[Kcenter_sum[m[K += new_center;
      |                          [01;31m[K^~~~~~~~~~[m[K
[01m[K/home/cedric/Desktop/PROLAB/proLAB_CedericoV1/ros2_ws_1/src/tb4_cedric_pkg_1/src/landmark_test_node.cpp:117:23:[m[K [01;31m[Kerror: [m[K‘[01m[Kstruct LandmarkTestNode::scan_callback(sensor_msgs::msg::LaserScan_<std::allocator<void> >::SharedPtr)::LandmarkCluster[m[K’ has no member named ‘[01m[Kcenter_sum[m[K’
  117 |                 c_new.[01;31m[Kcenter_sum[m[K = new_center;
      |                       [01;31m[K^~~~~~~~~~[m[K
[01m[K/home/cedric/Desktop/PROLAB/proLAB_CedericoV1/ros2_ws_1/src/tb4_cedric_pkg_1/src/landmark_test_node.cpp:117:36:[m[K [01;31m[Kerror: [m[K‘[01m[Knew_center[m[K’ was not declared in this scope
  117 |                 c_new.center_sum = [01;31m[Knew_center[m[K;
      |                                    [01;31m[K^~~~~~~~~~[m[K
[01m[K/home/cedric/Desktop/PROLAB/proLAB_CedericoV1/ros2_ws_1/src/tb4_cedric_pkg_1/src/landmark_test_node.cpp:96:20:[m[K [01;35m[Kwarning: [m[Kunused variable ‘[01m[Kcx[m[K’ [[01;35m[K-Wunused-variable[m[K]
   96 |             double [01;35m[Kcx[m[K = ((p1.squaredNorm()) * (p2.y() - p3.y()) + (p2.squaredNorm()) * (p3.y() - p1.y()) + (p3.squaredNorm()) * (p1.y() - p2.y())) / d;
      |                    [01;35m[K^~[m[K
[01m[K/home/cedric/Desktop/PROLAB/proLAB_CedericoV1/ros2_ws_1/src/tb4_cedric_pkg_1/src/landmark_test_node.cpp:97:20:[m[K [01;35m[Kwarning: [m[Kunused variable ‘[01m[Kcy[m[K’ [[01;35m[K-Wunused-variable[m[K]
   97 |             double [01;35m[Kcy[m[K = ((p1.squaredNorm()) * (p3.x() - p2.x()) + (p2.squaredNorm()) * (p1.x() - p3.x()) + (p3.squaredNorm()) * (p2.x() - p1.x())) / d;
      |                    [01;35m[K^~[m[K
[01m[K/home/cedric/Desktop/PROLAB/proLAB_CedericoV1/ros2_ws_1/src/tb4_cedric_pkg_1/src/landmark_test_node.cpp:127:5:[m[K [01;31m[Kerror: [m[K‘[01m[Kdetected_landmarks_local_[m[K’ was not declared in this scope
  127 |     [01;31m[Kdetected_landmarks_local_[m[K.clear();
      |     [01;31m[K^~~~~~~~~~~~~~~~~~~~~~~~~[m[K
[01m[K/home/cedric/Desktop/PROLAB/proLAB_CedericoV1/ros2_ws_1/src/tb4_cedric_pkg_1/src/landmark_test_node.cpp:134:13:[m[K [01;31m[Kerror: [m[K‘[01m[KEigen[m[K’ is not a class, namespace, or enumeration
  134 |             [01;31m[KEigen[m[K::Vector2d final_center = clus.center_sum / clus.votes;
      |             [01;31m[K^~~~~[m[K
[01m[K/home/cedric/Desktop/PROLAB/proLAB_CedericoV1/ros2_ws_1/src/tb4_cedric_pkg_1/src/landmark_test_node.cpp:135:49:[m[K [01;31m[Kerror: [m[K‘[01m[Kfinal_center[m[K’ was not declared in this scope
  135 |             detected_landmarks_local_.push_back([01;31m[Kfinal_center[m[K);
      |                                                 [01;31m[K^~~~~~~~~~~~[m[K
make[2]: *** [CMakeFiles/landmark_test_node.dir/build.make:63: CMakeFiles/landmark_test_node.dir/src/landmark_test_node.cpp.o] Error 1
make[1]: *** [CMakeFiles/Makefile2:335: CMakeFiles/landmark_test_node.dir/all] Error 2
make[1]: *** Waiting for unfinished jobs....
[ 93%] [32m[1mLinking CXX executable recorder_node[0m
[ 93%] Built target recorder_node
make: *** [Makefile:141: all] Error 2
