[0.017s] Invoking command in '/home/cedric/Desktop/PROLAB/proLAB_CedericoV1/ros2_ws_1/build/tb4_cedric_pkg_1': CMAKE_PREFIX_PATH=${CMAKE_PREFIX_PATH}:/opt/ros/foxy /usr/bin/cmake --build /home/cedric/Desktop/PROLAB/proLAB_CedericoV1/ros2_ws_1/build/tb4_cedric_pkg_1 -- -j16 -l16
[0.107s] [ 16%] Built target recorder_node
[0.111s] [ 33%] Built target test_node
[0.114s] [ 50%] Built target kalman_filter_node
[0.120s] [ 66%] Built target extended_kalman_filter_node
[0.120s] [ 83%] Built target noisy_odometry_node
[0.122s] [100%] Built target joint_noise_node
[0.148s] Invoked command in '/home/cedric/Desktop/PROLAB/proLAB_CedericoV1/ros2_ws_1/build/tb4_cedric_pkg_1' returned '0': CMAKE_PREFIX_PATH=${CMAKE_PREFIX_PATH}:/opt/ros/foxy /usr/bin/cmake --build /home/cedric/Desktop/PROLAB/proLAB_CedericoV1/ros2_ws_1/build/tb4_cedric_pkg_1 -- -j16 -l16
[0.178s] Invoking command in '/home/cedric/Desktop/PROLAB/proLAB_CedericoV1/ros2_ws_1/build/tb4_cedric_pkg_1': CMAKE_PREFIX_PATH=${CMAKE_PREFIX_PATH}:/opt/ros/foxy /usr/bin/cmake --install /home/cedric/Desktop/PROLAB/proLAB_CedericoV1/ros2_ws_1/build/tb4_cedric_pkg_1
[0.195s] -- Install configuration: ""
[0.196s] -- Execute custom install script
[0.196s] -- Up-to-date symlink: /home/cedric/Desktop/PROLAB/proLAB_CedericoV1/ros2_ws_1/install/tb4_cedric_pkg_1/share/tb4_cedric_pkg_1/launch/my_turtlebot3_world.launch.py
[0.196s] -- Up-to-date symlink: /home/cedric/Desktop/PROLAB/proLAB_CedericoV1/ros2_ws_1/install/tb4_cedric_pkg_1/share/tb4_cedric_pkg_1/launch/simulation.launch.py
[0.197s] -- Up-to-date symlink: /home/cedric/Desktop/PROLAB/proLAB_CedericoV1/ros2_ws_1/install/tb4_cedric_pkg_1/lib/tb4_cedric_pkg_1/test_node
[0.197s] -- Up-to-date symlink: /home/cedric/Desktop/PROLAB/proLAB_CedericoV1/ros2_ws_1/install/tb4_cedric_pkg_1/lib/tb4_cedric_pkg_1/joint_noise_node
[0.197s] -- Up-to-date symlink: /home/cedric/Desktop/PROLAB/proLAB_CedericoV1/ros2_ws_1/install/tb4_cedric_pkg_1/lib/tb4_cedric_pkg_1/noisy_odometry_node
[0.198s] -- Up-to-date symlink: /home/cedric/Desktop/PROLAB/proLAB_CedericoV1/ros2_ws_1/install/tb4_cedric_pkg_1/lib/tb4_cedric_pkg_1/kalman_filter_node
[0.198s] -- Up-to-date symlink: /home/cedric/Desktop/PROLAB/proLAB_CedericoV1/ros2_ws_1/install/tb4_cedric_pkg_1/lib/tb4_cedric_pkg_1/extended_kalman_filter_node
[0.198s] -- Up-to-date symlink: /home/cedric/Desktop/PROLAB/proLAB_CedericoV1/ros2_ws_1/install/tb4_cedric_pkg_1/lib/tb4_cedric_pkg_1/recorder_node
[0.199s] -- Up-to-date symlink: /home/cedric/Desktop/PROLAB/proLAB_CedericoV1/ros2_ws_1/install/tb4_cedric_pkg_1/share/tb4_cedric_pkg_1/launch/my_turtlebot3_world.launch.py
[0.199s] -- Up-to-date symlink: /home/cedric/Desktop/PROLAB/proLAB_CedericoV1/ros2_ws_1/install/tb4_cedric_pkg_1/share/tb4_cedric_pkg_1/launch/simulation.launch.py
[0.200s] -- Up-to-date symlink: /home/cedric/Desktop/PROLAB/proLAB_CedericoV1/ros2_ws_1/install/tb4_cedric_pkg_1/share/tb4_cedric_pkg_1/trajectories/robot_path.csv
[0.200s] -- Up-to-date symlink: /home/cedric/Desktop/PROLAB/proLAB_CedericoV1/ros2_ws_1/install/tb4_cedric_pkg_1/share/tb4_cedric_pkg_1/worlds/cedric_landmark_world.world
[0.200s] -- Up-to-date symlink: /home/cedric/Desktop/PROLAB/proLAB_CedericoV1/ros2_ws_1/install/tb4_cedric_pkg_1/share/tb4_cedric_pkg_1/worlds/my_world.world
[0.201s] -- Up-to-date symlink: /home/cedric/Desktop/PROLAB/proLAB_CedericoV1/ros2_ws_1/install/tb4_cedric_pkg_1/share/tb4_cedric_pkg_1/worlds/waffle.model
[0.201s] -- Up-to-date symlink: /home/cedric/Desktop/PROLAB/proLAB_CedericoV1/ros2_ws_1/install/tb4_cedric_pkg_1/share/ament_index/resource_index/package_run_dependencies/tb4_cedric_pkg_1
[0.201s] -- Up-to-date symlink: /home/cedric/Desktop/PROLAB/proLAB_CedericoV1/ros2_ws_1/install/tb4_cedric_pkg_1/share/ament_index/resource_index/parent_prefix_path/tb4_cedric_pkg_1
[0.201s] -- Up-to-date symlink: /home/cedric/Desktop/PROLAB/proLAB_CedericoV1/ros2_ws_1/install/tb4_cedric_pkg_1/share/tb4_cedric_pkg_1/environment/ament_prefix_path.sh
[0.202s] -- Up-to-date symlink: /home/cedric/Desktop/PROLAB/proLAB_CedericoV1/ros2_ws_1/install/tb4_cedric_pkg_1/share/tb4_cedric_pkg_1/environment/ament_prefix_path.dsv
[0.202s] -- Up-to-date symlink: /home/cedric/Desktop/PROLAB/proLAB_CedericoV1/ros2_ws_1/install/tb4_cedric_pkg_1/share/tb4_cedric_pkg_1/environment/path.sh
[0.202s] -- Up-to-date symlink: /home/cedric/Desktop/PROLAB/proLAB_CedericoV1/ros2_ws_1/install/tb4_cedric_pkg_1/share/tb4_cedric_pkg_1/environment/path.dsv
[0.202s] -- Up-to-date symlink: /home/cedric/Desktop/PROLAB/proLAB_CedericoV1/ros2_ws_1/install/tb4_cedric_pkg_1/share/tb4_cedric_pkg_1/local_setup.bash
[0.202s] -- Up-to-date symlink: /home/cedric/Desktop/PROLAB/proLAB_CedericoV1/ros2_ws_1/install/tb4_cedric_pkg_1/share/tb4_cedric_pkg_1/local_setup.sh
[0.203s] -- Up-to-date symlink: /home/cedric/Desktop/PROLAB/proLAB_CedericoV1/ros2_ws_1/install/tb4_cedric_pkg_1/share/tb4_cedric_pkg_1/local_setup.zsh
[0.203s] -- Up-to-date symlink: /home/cedric/Desktop/PROLAB/proLAB_CedericoV1/ros2_ws_1/install/tb4_cedric_pkg_1/share/tb4_cedric_pkg_1/local_setup.dsv
[0.203s] -- Symlinking: /home/cedric/Desktop/PROLAB/proLAB_CedericoV1/ros2_ws_1/install/tb4_cedric_pkg_1/share/tb4_cedric_pkg_1/package.dsv
[0.222s] -- Up-to-date symlink: /home/cedric/Desktop/PROLAB/proLAB_CedericoV1/ros2_ws_1/install/tb4_cedric_pkg_1/share/ament_index/resource_index/packages/tb4_cedric_pkg_1
[0.223s] -- Up-to-date symlink: /home/cedric/Desktop/PROLAB/proLAB_CedericoV1/ros2_ws_1/install/tb4_cedric_pkg_1/share/tb4_cedric_pkg_1/cmake/tb4_cedric_pkg_1Config.cmake
[0.223s] -- Up-to-date symlink: /home/cedric/Desktop/PROLAB/proLAB_CedericoV1/ros2_ws_1/install/tb4_cedric_pkg_1/share/tb4_cedric_pkg_1/cmake/tb4_cedric_pkg_1Config-version.cmake
[0.224s] -- Up-to-date symlink: /home/cedric/Desktop/PROLAB/proLAB_CedericoV1/ros2_ws_1/install/tb4_cedric_pkg_1/share/tb4_cedric_pkg_1/package.xml
[0.232s] Invoked command in '/home/cedric/Desktop/PROLAB/proLAB_CedericoV1/ros2_ws_1/build/tb4_cedric_pkg_1' returned '0': CMAKE_PREFIX_PATH=${CMAKE_PREFIX_PATH}:/opt/ros/foxy /usr/bin/cmake --install /home/cedric/Desktop/PROLAB/proLAB_CedericoV1/ros2_ws_1/build/tb4_cedric_pkg_1
