[01m[K/home/cedric/Desktop/PROLAB/proLAB_CedericoV1/ros2_ws_1/src/tb4_cedric_pkg_1/src/particle_filter_node.cpp:306:9:[m[K [01;31m[Kerror: [m[Kexpected unqualified-id before ‘[01m[Kfor[m[K’
  306 |         [01;31m[Kfor[m[K (const auto& p : particles_) {
      |         [01;31m[K^~~[m[K
[01m[K/home/cedric/Desktop/PROLAB/proLAB_CedericoV1/ros2_ws_1/src/tb4_cedric_pkg_1/src/particle_filter_node.cpp:315:9:[m[K [01;31m[Kerror: [m[Kexpected unqualified-id before ‘[01m[Kfor[m[K’
  315 |         [01;31m[Kfor[m[K (const auto& p : particles_) {
      |         [01;31m[K^~~[m[K
[01m[K/home/cedric/Desktop/PROLAB/proLAB_CedericoV1/ros2_ws_1/src/tb4_cedric_pkg_1/src/particle_filter_node.cpp:321:9:[m[K [01;31m[Kerror: [m[K‘[01m[Kpose_msg[m[K’ does not name a type
  321 |         [01;31m[Kpose_msg[m[K.header.stamp = current_time;
      |         [01;31m[K^~~~~~~~[m[K
[01m[K/home/cedric/Desktop/PROLAB/proLAB_CedericoV1/ros2_ws_1/src/tb4_cedric_pkg_1/src/particle_filter_node.cpp:322:9:[m[K [01;31m[Kerror: [m[K‘[01m[Kpose_msg[m[K’ does not name a type
  322 |         [01;31m[Kpose_msg[m[K.header.frame_id = "odom";
      |         [01;31m[K^~~~~~~~[m[K
[01m[K/home/cedric/Desktop/PROLAB/proLAB_CedericoV1/ros2_ws_1/src/tb4_cedric_pkg_1/src/particle_filter_node.cpp:323:9:[m[K [01;31m[Kerror: [m[K‘[01m[Kpose_msg[m[K’ does not name a type
  323 |         [01;31m[Kpose_msg[m[K.pose.pose.position.x = mean_x;
      |         [01;31m[K^~~~~~~~[m[K
[01m[K/home/cedric/Desktop/PROLAB/proLAB_CedericoV1/ros2_ws_1/src/tb4_cedric_pkg_1/src/particle_filter_node.cpp:324:9:[m[K [01;31m[Kerror: [m[K‘[01m[Kpose_msg[m[K’ does not name a type
  324 |         [01;31m[Kpose_msg[m[K.pose.pose.position.y = mean_y;
      |         [01;31m[K^~~~~~~~[m[K
[01m[K/home/cedric/Desktop/PROLAB/proLAB_CedericoV1/ros2_ws_1/src/tb4_cedric_pkg_1/src/particle_filter_node.cpp:325:9:[m[K [01;31m[Kerror: [m[K‘[01m[Kpose_msg[m[K’ does not name a type
  325 |         [01;31m[Kpose_msg[m[K.pose.pose.orientation.z = std::sin(mean_theta / 2.0);
      |         [01;31m[K^~~~~~~~[m[K
[01m[K/home/cedric/Desktop/PROLAB/proLAB_CedericoV1/ros2_ws_1/src/tb4_cedric_pkg_1/src/particle_filter_node.cpp:326:9:[m[K [01;31m[Kerror: [m[K‘[01m[Kpose_msg[m[K’ does not name a type
  326 |         [01;31m[Kpose_msg[m[K.pose.pose.orientation.w = std::cos(mean_theta / 2.0);
      |         [01;31m[K^~~~~~~~[m[K
[01m[K/home/cedric/Desktop/PROLAB/proLAB_CedericoV1/ros2_ws_1/src/tb4_cedric_pkg_1/src/particle_filter_node.cpp:329:9:[m[K [01;31m[Kerror: [m[K‘[01m[Kpose_msg[m[K’ does not name a type
  329 |         [01;31m[Kpose_msg[m[K.pose.covariance[0] = var_x;   pose_msg.pose.covariance[1] = 0.0;
      |         [01;31m[K^~~~~~~~[m[K
[01m[K/home/cedric/Desktop/PROLAB/proLAB_CedericoV1/ros2_ws_1/src/tb4_cedric_pkg_1/src/particle_filter_node.cpp:329:48:[m[K [01;31m[Kerror: [m[K‘[01m[Kpose_msg[m[K’ does not name a type
  329 |         pose_msg.pose.covariance[0] = var_x;   [01;31m[Kpose_msg[m[K.pose.covariance[1] = 0.0;
      |                                                [01;31m[K^~~~~~~~[m[K
[01m[K/home/cedric/Desktop/PROLAB/proLAB_CedericoV1/ros2_ws_1/src/tb4_cedric_pkg_1/src/particle_filter_node.cpp:330:9:[m[K [01;31m[Kerror: [m[K‘[01m[Kpose_msg[m[K’ does not name a type
  330 |         [01;31m[Kpose_msg[m[K.pose.covariance[6] = 0.0;     pose_msg.pose.covariance[7] = var_y;
      |         [01;31m[K^~~~~~~~[m[K
[01m[K/home/cedric/Desktop/PROLAB/proLAB_CedericoV1/ros2_ws_1/src/tb4_cedric_pkg_1/src/particle_filter_node.cpp:330:48:[m[K [01;31m[Kerror: [m[K‘[01m[Kpose_msg[m[K’ does not name a type
  330 |         pose_msg.pose.covariance[6] = 0.0;     [01;31m[Kpose_msg[m[K.pose.covariance[7] = var_y;
      |                                                [01;31m[K^~~~~~~~[m[K
[01m[K/home/cedric/Desktop/PROLAB/proLAB_CedericoV1/ros2_ws_1/src/tb4_cedric_pkg_1/src/particle_filter_node.cpp:332:9:[m[K [01;31m[Kerror: [m[K‘[01m[Kfilter_pose_pub_[m[K’ does not name a type
  332 |         [01;31m[Kfilter_pose_pub_[m[K->publish(pose_msg);
      |         [01;31m[K^~~~~~~~~~~~~~~~[m[K
[01m[K/home/cedric/Desktop/PROLAB/proLAB_CedericoV1/ros2_ws_1/src/tb4_cedric_pkg_1/src/particle_filter_node.cpp:[m[K In constructor ‘[01m[KParticleFilterNode::ParticleFilterNode()[m[K’:
[01m[K/home/cedric/Desktop/PROLAB/proLAB_CedericoV1/ros2_ws_1/src/tb4_cedric_pkg_1/src/particle_filter_node.cpp:49:9:[m[K [01;31m[Kerror: [m[K‘[01m[Knum_particles_[m[K’ was not declared in this scope
   49 |         [01;31m[Knum_particles_[m[K = this->get_parameter("num_particles").as_int();
      |         [01;31m[K^~~~~~~~~~~~~~[m[K
[01m[K/home/cedric/Desktop/PROLAB/proLAB_CedericoV1/ros2_ws_1/src/tb4_cedric_pkg_1/src/particle_filter_node.cpp:50:9:[m[K [01;31m[Kerror: [m[K‘[01m[Kq_pos_[m[K’ was not declared in this scope
   50 |         [01;31m[Kq_pos_[m[K = this->get_parameter("q_var_pos").as_double();
      |         [01;31m[K^~~~~~[m[K
[01m[K/home/cedric/Desktop/PROLAB/proLAB_CedericoV1/ros2_ws_1/src/tb4_cedric_pkg_1/src/particle_filter_node.cpp:51:9:[m[K [01;31m[Kerror: [m[K‘[01m[Kq_theta_[m[K’ was not declared in this scope
   51 |         [01;31m[Kq_theta_[m[K = this->get_parameter("q_var_theta").as_double();
      |         [01;31m[K^~~~~~~~[m[K
[01m[K/home/cedric/Desktop/PROLAB/proLAB_CedericoV1/ros2_ws_1/src/tb4_cedric_pkg_1/src/particle_filter_node.cpp:52:9:[m[K [01;31m[Kerror: [m[K‘[01m[Kr_range_[m[K’ was not declared in this scope
   52 |         [01;31m[Kr_range_[m[K = this->get_parameter("r_var_landmark_range").as_double();
      |         [01;31m[K^~~~~~~~[m[K
[01m[K/home/cedric/Desktop/PROLAB/proLAB_CedericoV1/ros2_ws_1/src/tb4_cedric_pkg_1/src/particle_filter_node.cpp:53:9:[m[K [01;31m[Kerror: [m[K‘[01m[Kr_bearing_[m[K’ was not declared in this scope
   53 |         [01;31m[Kr_bearing_[m[K = this->get_parameter("r_var_landmark_bearing").as_double();
      |         [01;31m[K^~~~~~~~~~[m[K
[01m[K/home/cedric/Desktop/PROLAB/proLAB_CedericoV1/ros2_ws_1/src/tb4_cedric_pkg_1/src/particle_filter_node.cpp:55:9:[m[K [01;31m[Kerror: [m[K‘[01m[Ktarget_radius_[m[K’ was not declared in this scope
   55 |         [01;31m[Ktarget_radius_[m[K = this->get_parameter("target_radius").as_double();
      |         [01;31m[K^~~~~~~~~~~~~~[m[K
[01m[K/home/cedric/Desktop/PROLAB/proLAB_CedericoV1/ros2_ws_1/src/tb4_cedric_pkg_1/src/particle_filter_node.cpp:56:9:[m[K [01;31m[Kerror: [m[K‘[01m[Ktolerance_[m[K’ was not declared in this scope
   56 |         [01;31m[Ktolerance_[m[K = this->get_parameter("tolerance").as_double();
      |         [01;31m[K^~~~~~~~~~[m[K
[01m[K/home/cedric/Desktop/PROLAB/proLAB_CedericoV1/ros2_ws_1/src/tb4_cedric_pkg_1/src/particle_filter_node.cpp:57:9:[m[K [01;31m[Kerror: [m[K‘[01m[Kstride_[m[K’ was not declared in this scope
   57 |         [01;31m[Kstride_[m[K = this->get_parameter("stride").as_int();
      |         [01;31m[K^~~~~~~[m[K
[01m[K/home/cedric/Desktop/PROLAB/proLAB_CedericoV1/ros2_ws_1/src/tb4_cedric_pkg_1/src/particle_filter_node.cpp:58:9:[m[K [01;31m[Kerror: [m[K‘[01m[Kscan_skip_[m[K’ was not declared in this scope
   58 |         [01;31m[Kscan_skip_[m[K = this->get_parameter("scan_skip").as_int();
      |         [01;31m[K^~~~~~~~~~[m[K
[01m[K/home/cedric/Desktop/PROLAB/proLAB_CedericoV1/ros2_ws_1/src/tb4_cedric_pkg_1/src/particle_filter_node.cpp:59:9:[m[K [01;31m[Kerror: [m[K‘[01m[Kmin_votes_[m[K’ was not declared in this scope
   59 |         [01;31m[Kmin_votes_[m[K = this->get_parameter("min_votes").as_int();
      |         [01;31m[K^~~~~~~~~~[m[K
[01m[K/home/cedric/Desktop/PROLAB/proLAB_CedericoV1/ros2_ws_1/src/tb4_cedric_pkg_1/src/particle_filter_node.cpp:60:9:[m[K [01;31m[Kerror: [m[K‘[01m[Kmax_jump_distance_[m[K’ was not declared in this scope
   60 |         [01;31m[Kmax_jump_distance_[m[K = this->get_parameter("max_jump_distance").as_double();
      |         [01;31m[K^~~~~~~~~~~~~~~~~~[m[K
[01m[K/home/cedric/Desktop/PROLAB/proLAB_CedericoV1/ros2_ws_1/src/tb4_cedric_pkg_1/src/particle_filter_node.cpp:63:9:[m[K [01;31m[Kerror: [m[K‘[01m[Klandmark_x_[m[K’ was not declared in this scope
   63 |         [01;31m[Klandmark_x_[m[K = -1.2;
      |         [01;31m[K^~~~~~~~~~~[m[K
[01m[K/home/cedric/Desktop/PROLAB/proLAB_CedericoV1/ros2_ws_1/src/tb4_cedric_pkg_1/src/particle_filter_node.cpp:64:9:[m[K [01;31m[Kerror: [m[K‘[01m[Klandmark_y_[m[K’ was not declared in this scope
   64 |         [01;31m[Klandmark_y_[m[K = 1.2;
      |         [01;31m[K^~~~~~~~~~~[m[K
[01m[K/home/cedric/Desktop/PROLAB/proLAB_CedericoV1/ros2_ws_1/src/tb4_cedric_pkg_1/src/particle_filter_node.cpp:70:9:[m[K [01;31m[Kerror: [m[K‘[01m[Khas_previous_prediction_[m[K’ was not declared in this scope
   70 |         [01;31m[Khas_previous_prediction_[m[K = false;
      |         [01;31m[K^~~~~~~~~~~~~~~~~~~~~~~~[m[K
[01m[K/home/cedric/Desktop/PROLAB/proLAB_CedericoV1/ros2_ws_1/src/tb4_cedric_pkg_1/src/particle_filter_node.cpp:71:9:[m[K [01;31m[Kerror: [m[K‘[01m[Klast_valid_center_[m[K’ was not declared in this scope
   71 |         [01;31m[Klast_valid_center_[m[K = Eigen::Vector2d::Zero();
      |         [01;31m[K^~~~~~~~~~~~~~~~~~[m[K
[01m[K/home/cedric/Desktop/PROLAB/proLAB_CedericoV1/ros2_ws_1/src/tb4_cedric_pkg_1/src/particle_filter_node.cpp:74:9:[m[K [01;31m[Kerror: [m[K‘[01m[Kcmd_sub_[m[K’ was not declared in this scope; did you mean ‘[01m[K_mm_sub_sd[m[K’?
   74 |         [01;31m[Kcmd_sub_[m[K = this->create_subscription<geometry_msgs::msg::Twist>(
      |         [01;31m[K^~~~~~~~[m[K
      |         [32m[K_mm_sub_sd[m[K
[01m[K/home/cedric/Desktop/PROLAB/proLAB_CedericoV1/ros2_ws_1/src/tb4_cedric_pkg_1/src/particle_filter_node.cpp:[m[K In lambda function:
[01m[K/home/cedric/Desktop/PROLAB/proLAB_CedericoV1/ros2_ws_1/src/tb4_cedric_pkg_1/src/particle_filter_node.cpp:76:17:[m[K [01;31m[Kerror: [m[K‘[01m[Ku_input_[m[K’ was not declared in this scope
   76 |                 [01;31m[Ku_input_[m[K(0) = msg->linear.x;
      |                 [01;31m[K^~~~~~~~[m[K
[01m[K/home/cedric/Desktop/PROLAB/proLAB_CedericoV1/ros2_ws_1/src/tb4_cedric_pkg_1/src/particle_filter_node.cpp:[m[K In constructor ‘[01m[KParticleFilterNode::ParticleFilterNode()[m[K’:
[01m[K/home/cedric/Desktop/PROLAB/proLAB_CedericoV1/ros2_ws_1/src/tb4_cedric_pkg_1/src/particle_filter_node.cpp:80:9:[m[K [01;31m[Kerror: [m[K‘[01m[Kscan_sub_[m[K’ was not declared in this scope
   80 |         [01;31m[Kscan_sub_[m[K = this->create_subscription<sensor_msgs::msg::LaserScan>(
      |         [01;31m[K^~~~~~~~~[m[K
[01m[K/home/cedric/Desktop/PROLAB/proLAB_CedericoV1/ros2_ws_1/src/tb4_cedric_pkg_1/src/particle_filter_node.cpp:83:9:[m[K [01;31m[Kerror: [m[K‘[01m[Kfilter_pose_pub_[m[K’ was not declared in this scope
   83 |         [01;31m[Kfilter_pose_pub_[m[K = this->create_publisher<geometry_msgs::msg::PoseWithCovarianceStamped>("/pf_estimated_pose", 10);
      |         [01;31m[K^~~~~~~~~~~~~~~~[m[K
[01m[K/home/cedric/Desktop/PROLAB/proLAB_CedericoV1/ros2_ws_1/src/tb4_cedric_pkg_1/src/particle_filter_node.cpp:84:9:[m[K [01;31m[Kerror: [m[K‘[01m[Klast_time_[m[K’ was not declared in this scope
   84 |         [01;31m[Klast_time_[m[K = this->get_clock()->now();
      |         [01;31m[K^~~~~~~~~~[m[K
[01m[K/home/cedric/Desktop/PROLAB/proLAB_CedericoV1/ros2_ws_1/src/tb4_cedric_pkg_1/src/particle_filter_node.cpp:85:9:[m[K [01;31m[Kerror: [m[K‘[01m[Kfilter_timer_[m[K’ was not declared in this scope
   85 |         [01;31m[Kfilter_timer_[m[K = this->create_wall_timer(20ms, std::bind(&ParticleFilterNode::filter_loop, this));
      |         [01;31m[K^~~~~~~~~~~~~[m[K
[01m[K/home/cedric/Desktop/PROLAB/proLAB_CedericoV1/ros2_ws_1/src/tb4_cedric_pkg_1/src/particle_filter_node.cpp:[m[K In member function ‘[01m[Kvoid ParticleFilterNode::initialize_particles()[m[K’:
[01m[K/home/cedric/Desktop/PROLAB/proLAB_CedericoV1/ros2_ws_1/src/tb4_cedric_pkg_1/src/particle_filter_node.cpp:90:9:[m[K [01;31m[Kerror: [m[K‘[01m[Kparticles_[m[K’ was not declared in this scope; did you mean ‘[01m[KParticle[m[K’?
   90 |         [01;31m[Kparticles_[m[K.resize(num_particles_);
      |         [01;31m[K^~~~~~~~~~[m[K
      |         [32m[KParticle[m[K
[01m[K/home/cedric/Desktop/PROLAB/proLAB_CedericoV1/ros2_ws_1/src/tb4_cedric_pkg_1/src/particle_filter_node.cpp:90:27:[m[K [01;31m[Kerror: [m[K‘[01m[Knum_particles_[m[K’ was not declared in this scope
   90 |         particles_.resize([01;31m[Knum_particles_[m[K);
      |                           [01;31m[K^~~~~~~~~~~~~~[m[K
[01m[K/home/cedric/Desktop/PROLAB/proLAB_CedericoV1/ros2_ws_1/src/tb4_cedric_pkg_1/src/particle_filter_node.cpp:98:37:[m[K [01;31m[Kerror: [m[K‘[01m[Kgen_[m[K’ was not declared in this scope
   98 |             particles_[i].x = d_pos([01;31m[Kgen_[m[K);
      |                                     [01;31m[K^~~~[m[K
[01m[K/home/cedric/Desktop/PROLAB/proLAB_CedericoV1/ros2_ws_1/src/tb4_cedric_pkg_1/src/particle_filter_node.cpp:[m[K In member function ‘[01m[Kvoid ParticleFilterNode::scan_callback(sensor_msgs::msg::LaserScan_<std::allocator<void> >::SharedPtr)[m[K’:
[01m[K/home/cedric/Desktop/PROLAB/proLAB_CedericoV1/ros2_ws_1/src/tb4_cedric_pkg_1/src/particle_filter_node.cpp:106:9:[m[K [01;31m[Kerror: [m[K‘[01m[Kscan_counter_[m[K’ was not declared in this scope
  106 |         [01;31m[Kscan_counter_[m[K++;
      |         [01;31m[K^~~~~~~~~~~~~[m[K
[01m[K/home/cedric/Desktop/PROLAB/proLAB_CedericoV1/ros2_ws_1/src/tb4_cedric_pkg_1/src/particle_filter_node.cpp:107:29:[m[K [01;31m[Kerror: [m[K‘[01m[Kscan_skip_[m[K’ was not declared in this scope
  107 |         if (scan_counter_ % [01;31m[Kscan_skip_[m[K != 0) return;
      |                             [01;31m[K^~~~~~~~~~[m[K
[01m[K/home/cedric/Desktop/PROLAB/proLAB_CedericoV1/ros2_ws_1/src/tb4_cedric_pkg_1/src/particle_filter_node.cpp:130:36:[m[K [01;31m[Kerror: [m[K‘[01m[Kstride_[m[K’ was not declared in this scope
  130 |         for (size_t i = 0; i + 2 * [01;31m[Kstride_[m[K < num_points; i += 1) {
      |                                    [01;31m[K^~~~~~~[m[K
[01m[K/home/cedric/Desktop/PROLAB/proLAB_CedericoV1/ros2_ws_1/src/tb4_cedric_pkg_1/src/particle_filter_node.cpp:141:30:[m[K [01;31m[Kerror: [m[K‘[01m[Ktarget_radius_[m[K’ was not declared in this scope
  141 |             if (std::abs(R - [01;31m[Ktarget_radius_[m[K) < tolerance_) {
      |                              [01;31m[K^~~~~~~~~~~~~~[m[K
[01m[K/home/cedric/Desktop/PROLAB/proLAB_CedericoV1/ros2_ws_1/src/tb4_cedric_pkg_1/src/particle_filter_node.cpp:141:48:[m[K [01;31m[Kerror: [m[K‘[01m[Ktolerance_[m[K’ was not declared in this scope
  141 |             if (std::abs(R - target_radius_) < [01;31m[Ktolerance_[m[K) {
      |                                                [01;31m[K^~~~~~~~~~[m[K
[01m[K/home/cedric/Desktop/PROLAB/proLAB_CedericoV1/ros2_ws_1/src/tb4_cedric_pkg_1/src/particle_filter_node.cpp:162:9:[m[K [01;31m[Kerror: [m[K‘[01m[Kdetected_landmarks_local_[m[K’ was not declared in this scope
  162 |         [01;31m[Kdetected_landmarks_local_[m[K.clear();
      |         [01;31m[K^~~~~~~~~~~~~~~~~~~~~~~~~[m[K
[01m[K/home/cedric/Desktop/PROLAB/proLAB_CedericoV1/ros2_ws_1/src/tb4_cedric_pkg_1/src/particle_filter_node.cpp:164:31:[m[K [01;31m[Kerror: [m[K‘[01m[Kmin_votes_[m[K’ was not declared in this scope
  164 |             if (clus.votes >= [01;31m[Kmin_votes_[m[K) {
      |                               [01;31m[K^~~~~~~~~~[m[K
[01m[K/home/cedric/Desktop/PROLAB/proLAB_CedericoV1/ros2_ws_1/src/tb4_cedric_pkg_1/src/particle_filter_node.cpp:167:21:[m[K [01;31m[Kerror: [m[K‘[01m[Khas_previous_prediction_[m[K’ was not declared in this scope
  167 |                 if ([01;31m[Khas_previous_prediction_[m[K) {
      |                     [01;31m[K^~~~~~~~~~~~~~~~~~~~~~~~[m[K
[01m[K/home/cedric/Desktop/PROLAB/proLAB_CedericoV1/ros2_ws_1/src/tb4_cedric_pkg_1/src/particle_filter_node.cpp:168:91:[m[K [01;31m[Kerror: [m[K‘[01m[Klast_valid_center_[m[K’ was not declared in this scope
  168 |                     bool x_sign_changed = (std::signbit(final_center.x()) != std::signbit([01;31m[Klast_valid_center_[m[K.x()));
      |                                                                                           [01;31m[K^~~~~~~~~~~~~~~~~~[m[K
[01m[K/home/cedric/Desktop/PROLAB/proLAB_CedericoV1/ros2_ws_1/src/tb4_cedric_pkg_1/src/particle_filter_node.cpp:172:75:[m[K [01;31m[Kerror: [m[K‘[01m[Kmax_jump_distance_[m[K’ was not declared in this scope
  172 |                     if ((x_sign_changed || y_sign_changed) && jump_dist > [01;31m[Kmax_jump_distance_[m[K) {
      |                                                                           [01;31m[K^~~~~~~~~~~~~~~~~~[m[K
[01m[K/home/cedric/Desktop/PROLAB/proLAB_CedericoV1/ros2_ws_1/src/tb4_cedric_pkg_1/src/particle_filter_node.cpp:178:17:[m[K [01;31m[Kerror: [m[K‘[01m[Klast_valid_center_[m[K’ was not declared in this scope
  178 |                 [01;31m[Klast_valid_center_[m[K = final_center;
      |                 [01;31m[K^~~~~~~~~~~~~~~~~~[m[K
[01m[K/home/cedric/Desktop/PROLAB/proLAB_CedericoV1/ros2_ws_1/src/tb4_cedric_pkg_1/src/particle_filter_node.cpp:179:17:[m[K [01;31m[Kerror: [m[K‘[01m[Khas_previous_prediction_[m[K’ was not declared in this scope
  179 |                 [01;31m[Khas_previous_prediction_[m[K = true;
      |                 [01;31m[K^~~~~~~~~~~~~~~~~~~~~~~~[m[K
[01m[K/home/cedric/Desktop/PROLAB/proLAB_CedericoV1/ros2_ws_1/src/tb4_cedric_pkg_1/src/particle_filter_node.cpp:[m[K In member function ‘[01m[Kvoid ParticleFilterNode::filter_loop()[m[K’:
[01m[K/home/cedric/Desktop/PROLAB/proLAB_CedericoV1/ros2_ws_1/src/tb4_cedric_pkg_1/src/particle_filter_node.cpp:186:37:[m[K [01;31m[Kerror: [m[K‘[01m[Klast_time_[m[K’ was not declared in this scope
  186 |         double dt = (current_time - [01;31m[Klast_time_[m[K).seconds();
      |                                     [01;31m[K^~~~~~~~~~[m[K
[01m[K/home/cedric/Desktop/PROLAB/proLAB_CedericoV1/ros2_ws_1/src/tb4_cedric_pkg_1/src/particle_filter_node.cpp:193:20:[m[K [01;31m[Kerror: [m[K‘[01m[Ku_input_[m[K’ was not declared in this scope
  193 |         double v = [01;31m[Ku_input_[m[K(0);
      |                    [01;31m[K^~~~~~~~[m[K
[01m[K/home/cedric/Desktop/PROLAB/proLAB_CedericoV1/ros2_ws_1/src/tb4_cedric_pkg_1/src/particle_filter_node.cpp:196:67:[m[K [01;31m[Kerror: [m[K‘[01m[Kq_pos_[m[K’ was not declared in this scope
  196 |         std::normal_distribution<double> noise_pos(0.0, std::sqrt([01;31m[Kq_pos_[m[K * dt));
      |                                                                   [01;31m[K^~~~~~[m[K
[01m[K/home/cedric/Desktop/PROLAB/proLAB_CedericoV1/ros2_ws_1/src/tb4_cedric_pkg_1/src/particle_filter_node.cpp:197:69:[m[K [01;31m[Kerror: [m[K‘[01m[Kq_theta_[m[K’ was not declared in this scope
  197 |         std::normal_distribution<double> noise_theta(0.0, std::sqrt([01;31m[Kq_theta_[m[K * dt));
      |                                                                     [01;31m[K^~~~~~~~[m[K
[01m[K/home/cedric/Desktop/PROLAB/proLAB_CedericoV1/ros2_ws_1/src/tb4_cedric_pkg_1/src/particle_filter_node.cpp:199:24:[m[K [01;31m[Kerror: [m[K‘[01m[Kparticles_[m[K’ was not declared in this scope; did you mean ‘[01m[KParticle[m[K’?
  199 |         for (auto& p : [01;31m[Kparticles_[m[K) {
      |                        [01;31m[K^~~~~~~~~~[m[K
      |                        [32m[KParticle[m[K
[01m[K/home/cedric/Desktop/PROLAB/proLAB_CedericoV1/ros2_ws_1/src/tb4_cedric_pkg_1/src/particle_filter_node.cpp:201:61:[m[K [01;31m[Kerror: [m[K‘[01m[Kgen_[m[K’ was not declared in this scope
  201 |             p.x += (v * std::cos(p.theta)) * dt + noise_pos([01;31m[Kgen_[m[K);
      |                                                             [01;31m[K^~~~[m[K
[01m[K/home/cedric/Desktop/PROLAB/proLAB_CedericoV1/ros2_ws_1/src/tb4_cedric_pkg_1/src/particle_filter_node.cpp:210:6:[m[K [01;31m[Kerror: [m[K‘[01m[Kdetected_landmarks_local_[m[K’ was not declared in this scope
  210 | if (![01;31m[Kdetected_landmarks_local_[m[K.empty()) {
      |      [01;31m[K^~~~~~~~~~~~~~~~~~~~~~~~~[m[K
[01m[K/home/cedric/Desktop/PROLAB/proLAB_CedericoV1/ros2_ws_1/src/tb4_cedric_pkg_1/src/particle_filter_node.cpp:220:28:[m[K [01;31m[Kerror: [m[K‘[01m[Kparticles_[m[K’ was not declared in this scope; did you mean ‘[01m[KParticle[m[K’?
  220 |             for (auto& p : [01;31m[Kparticles_[m[K) {
      |                            [01;31m[K^~~~~~~~~~[m[K
      |                            [32m[KParticle[m[K
[01m[K/home/cedric/Desktop/PROLAB/proLAB_CedericoV1/ros2_ws_1/src/tb4_cedric_pkg_1/src/particle_filter_node.cpp:226:29:[m[K [01;31m[Kerror: [m[K‘[01m[Klandmark_x_[m[K’ was not declared in this scope
  226 |                 double dx = [01;31m[Klandmark_x_[m[K - glob_x_meas;
      |                             [01;31m[K^~~~~~~~~~~[m[K
[01m[K/home/cedric/Desktop/PROLAB/proLAB_CedericoV1/ros2_ws_1/src/tb4_cedric_pkg_1/src/particle_filter_node.cpp:227:29:[m[K [01;31m[Kerror: [m[K‘[01m[Klandmark_y_[m[K’ was not declared in this scope
  227 |                 double dy = [01;31m[Klandmark_y_[m[K - glob_y_meas;
      |                             [01;31m[K^~~~~~~~~~~[m[K
[01m[K/home/cedric/Desktop/PROLAB/proLAB_CedericoV1/ros2_ws_1/src/tb4_cedric_pkg_1/src/particle_filter_node.cpp:240:32:[m[K [01;31m[Kerror: [m[K‘[01m[Kparticles_[m[K’ was not declared in this scope; did you mean ‘[01m[KParticle[m[K’?
  240 |                 for (auto& p : [01;31m[Kparticles_[m[K) {
      |                                [01;31m[K^~~~~~~~~~[m[K
      |                                [32m[KParticle[m[K
[01m[K/home/cedric/Desktop/PROLAB/proLAB_CedericoV1/ros2_ws_1/src/tb4_cedric_pkg_1/src/particle_filter_node.cpp:244:32:[m[K [01;31m[Kerror: [m[K‘[01m[Kparticles_[m[K’ was not declared in this scope; did you mean ‘[01m[KParticle[m[K’?
  244 |                 for (auto& p : [01;31m[Kparticles_[m[K) p.weight = 1.0 / num_particles_;
      |                                [01;31m[K^~~~~~~~~~[m[K
      |                                [32m[KParticle[m[K
[01m[K/home/cedric/Desktop/PROLAB/proLAB_CedericoV1/ros2_ws_1/src/tb4_cedric_pkg_1/src/particle_filter_node.cpp:244:61:[m[K [01;31m[Kerror: [m[K‘[01m[Knum_particles_[m[K’ was not declared in this scope
  244 |                 for (auto& p : particles_) p.weight = 1.0 / [01;31m[Knum_particles_[m[K;
      |                                                             [01;31m[K^~~~~~~~~~~~~~[m[K
[01m[K/home/cedric/Desktop/PROLAB/proLAB_CedericoV1/ros2_ws_1/src/tb4_cedric_pkg_1/src/particle_filter_node.cpp:251:34:[m[K [01;31m[Kerror: [m[K‘[01m[Kparticles_[m[K’ was not declared in this scope; did you mean ‘[01m[KParticle[m[K’?
  251 |             for (const auto& p : [01;31m[Kparticles_[m[K) n_eff += p.weight * p.weight;
      |                                  [01;31m[K^~~~~~~~~~[m[K
      |                                  [32m[KParticle[m[K
[01m[K/home/cedric/Desktop/PROLAB/proLAB_CedericoV1/ros2_ws_1/src/tb4_cedric_pkg_1/src/particle_filter_node.cpp:254:25:[m[K [01;31m[Kerror: [m[K‘[01m[Knum_particles_[m[K’ was not declared in this scope
  254 |             if (n_eff < [01;31m[Knum_particles_[m[K / 2.0) {
      |                         [01;31m[K^~~~~~~~~~~~~~[m[K
[01m[K/home/cedric/Desktop/PROLAB/proLAB_CedericoV1/ros2_ws_1/src/tb4_cedric_pkg_1/src/particle_filter_node.cpp:256:94:[m[K [01;31m[Kerror: [m[K‘[01m[Kgen_[m[K’ was not declared in this scope
  256 |                 double r = std::uniform_real_distribution<double>(0.0, 1.0 / num_particles_)([01;31m[Kgen_[m[K);
      |                                                                                              [01;31m[K^~~~[m[K
[01m[K/home/cedric/Desktop/PROLAB/proLAB_CedericoV1/ros2_ws_1/src/tb4_cedric_pkg_1/src/particle_filter_node.cpp:257:28:[m[K [01;31m[Kerror: [m[K‘[01m[Kparticles_[m[K’ was not declared in this scope; did you mean ‘[01m[KParticle[m[K’?
  257 |                 double c = [01;31m[Kparticles_[m[K[0].weight;
      |                            [01;31m[K^~~~~~~~~~[m[K
      |                            [32m[KParticle[m[K
[01m[K/home/cedric/Desktop/PROLAB/proLAB_CedericoV1/ros2_ws_1/src/tb4_cedric_pkg_1/src/particle_filter_node.cpp:277:34:[m[K [01;31m[Kerror: [m[K‘[01m[Kparticles_[m[K’ was not declared in this scope; did you mean ‘[01m[KParticle[m[K’?
  277 |             for (const auto& p : [01;31m[Kparticles_[m[K) n_eff += p.weight * p.weight;
      |                                  [01;31m[K^~~~~~~~~~[m[K
      |                                  [32m[KParticle[m[K
[01m[K/home/cedric/Desktop/PROLAB/proLAB_CedericoV1/ros2_ws_1/src/tb4_cedric_pkg_1/src/particle_filter_node.cpp:280:25:[m[K [01;31m[Kerror: [m[K‘[01m[Knum_particles_[m[K’ was not declared in this scope
  280 |             if (n_eff < [01;31m[Knum_particles_[m[K / 2.0) {
      |                         [01;31m[K^~~~~~~~~~~~~~[m[K
[01m[K/home/cedric/Desktop/PROLAB/proLAB_CedericoV1/ros2_ws_1/src/tb4_cedric_pkg_1/src/particle_filter_node.cpp:282:94:[m[K [01;31m[Kerror: [m[K‘[01m[Kgen_[m[K’ was not declared in this scope
  282 |                 double r = std::uniform_real_distribution<double>(0.0, 1.0 / num_particles_)([01;31m[Kgen_[m[K);
      |                                                                                              [01;31m[K^~~~[m[K
[01m[K/home/cedric/Desktop/PROLAB/proLAB_CedericoV1/ros2_ws_1/src/tb4_cedric_pkg_1/src/particle_filter_node.cpp:283:28:[m[K [01;31m[Kerror: [m[K‘[01m[Kparticles_[m[K’ was not declared in this scope; did you mean ‘[01m[KParticle[m[K’?
  283 |                 double c = [01;31m[Kparticles_[m[K[0].weight;
      |                            [01;31m[K^~~~~~~~~~[m[K
      |                            [32m[KParticle[m[K
[01m[K/home/cedric/Desktop/PROLAB/proLAB_CedericoV1/ros2_ws_1/src/tb4_cedric_pkg_1/src/particle_filter_node.cpp:[m[K At global scope:
[01m[K/home/cedric/Desktop/PROLAB/proLAB_CedericoV1/ros2_ws_1/src/tb4_cedric_pkg_1/src/particle_filter_node.cpp:335:5:[m[K [01;31m[Kerror: [m[Kspecializing member ‘[01m[Krclcpp::Subscription<geometry_msgs::msg::Twist_<std::allocator<void> >, std::allocator<void>, rclcpp::message_memory_strategy::MessageMemoryStrategy<geometry_msgs::msg::Twist_<std::allocator<void> >, std::allocator<void> > >::SharedPtr[m[K’ requires ‘[01m[Ktemplate<>[m[K’ syntax
  335 |     [01;31m[Krclcpp[m[K::Subscription<geometry_msgs::msg::Twist>::SharedPtr cmd_sub_;
      |     [01;31m[K^~~~~~[m[K
[01m[K/home/cedric/Desktop/PROLAB/proLAB_CedericoV1/ros2_ws_1/src/tb4_cedric_pkg_1/src/particle_filter_node.cpp:357:1:[m[K [01;31m[Kerror: [m[Kexpected declaration before ‘[01m[K}[m[K’ token
  357 | [01;31m[K}[m[K;
      | [01;31m[K^[m[K
make[2]: *** [CMakeFiles/particle_filter_node.dir/build.make:63: CMakeFiles/particle_filter_node.dir/src/particle_filter_node.cpp.o] Error 1
make[1]: *** [CMakeFiles/Makefile2:256: CMakeFiles/particle_filter_node.dir/all] Error 2
make: *** [Makefile:141: all] Error 2
