[0.023s] Invoking command in '/home/cedric/Desktop/PROLAB/proLAB_CedericoV1/ros2_ws_1/build/tb4_cedric_pkg_1': CMAKE_PREFIX_PATH=${CMAKE_PREFIX_PATH}:/opt/ros/foxy /usr/bin/cmake --build /home/cedric/Desktop/PROLAB/proLAB_CedericoV1/ros2_ws_1/build/tb4_cedric_pkg_1 -- -j16 -l16
[0.117s] [35m[1mScanning dependencies of target particle_filter_node[0m
[0.140s] [ 11%] Built target test_node
[0.141s] [ 22%] Built target recorder_node
[0.146s] [ 33%] Built target kalman_filter_node
[0.148s] [ 44%] Built target landmark_test_node
[0.153s] [ 55%] Built target joint_noise_node
[0.158s] [ 66%] Built target noisy_odometry_node
[0.158s] [ 77%] Built target ekf_landmark_node
[0.163s] [ 88%] Built target extended_kalman_filter_node
[0.185s] [ 94%] [32mBuilding CXX object CMakeFiles/particle_filter_node.dir/src/particle_filter_node.cpp.o[0m
[2.155s] [01m[K/home/cedric/Desktop/PROLAB/proLAB_CedericoV1/ros2_ws_1/src/tb4_cedric_pkg_1/src/particle_filter_node.cpp:306:9:[m[K [01;31m[Kerror: [m[Kexpected unqualified-id before ‘[01m[Kfor[m[K’
[2.155s]   306 |         [01;31m[Kfor[m[K (const auto& p : particles_) {
[2.155s]       |         [01;31m[K^~~[m[K
[2.155s] [01m[K/home/cedric/Desktop/PROLAB/proLAB_CedericoV1/ros2_ws_1/src/tb4_cedric_pkg_1/src/particle_filter_node.cpp:315:9:[m[K [01;31m[Kerror: [m[Kexpected unqualified-id before ‘[01m[Kfor[m[K’
[2.155s]   315 |         [01;31m[Kfor[m[K (const auto& p : particles_) {
[2.156s]       |         [01;31m[K^~~[m[K
[2.157s] [01m[K/home/cedric/Desktop/PROLAB/proLAB_CedericoV1/ros2_ws_1/src/tb4_cedric_pkg_1/src/particle_filter_node.cpp:321:9:[m[K [01;31m[Kerror: [m[K‘[01m[Kpose_msg[m[K’ does not name a type
[2.157s]   321 |         [01;31m[Kpose_msg[m[K.header.stamp = current_time;
[2.157s]       |         [01;31m[K^~~~~~~~[m[K
[2.158s] [01m[K/home/cedric/Desktop/PROLAB/proLAB_CedericoV1/ros2_ws_1/src/tb4_cedric_pkg_1/src/particle_filter_node.cpp:322:9:[m[K [01;31m[Kerror: [m[K‘[01m[Kpose_msg[m[K’ does not name a type
[2.159s]   322 |         [01;31m[Kpose_msg[m[K.header.frame_id = "odom";
[2.159s]       |         [01;31m[K^~~~~~~~[m[K
[2.161s] [01m[K/home/cedric/Desktop/PROLAB/proLAB_CedericoV1/ros2_ws_1/src/tb4_cedric_pkg_1/src/particle_filter_node.cpp:323:9:[m[K [01;31m[Kerror: [m[K‘[01m[Kpose_msg[m[K’ does not name a type
[2.161s]   323 |         [01;31m[Kpose_msg[m[K.pose.pose.position.x = mean_x;
[2.161s]       |         [01;31m[K^~~~~~~~[m[K
[2.163s] [01m[K/home/cedric/Desktop/PROLAB/proLAB_CedericoV1/ros2_ws_1/src/tb4_cedric_pkg_1/src/particle_filter_node.cpp:324:9:[m[K [01;31m[Kerror: [m[K‘[01m[Kpose_msg[m[K’ does not name a type
[2.163s]   324 |         [01;31m[Kpose_msg[m[K.pose.pose.position.y = mean_y;
[2.163s]       |         [01;31m[K^~~~~~~~[m[K
[2.165s] [01m[K/home/cedric/Desktop/PROLAB/proLAB_CedericoV1/ros2_ws_1/src/tb4_cedric_pkg_1/src/particle_filter_node.cpp:325:9:[m[K [01;31m[Kerror: [m[K‘[01m[Kpose_msg[m[K’ does not name a type
[2.165s]   325 |         [01;31m[Kpose_msg[m[K.pose.pose.orientation.z = std::sin(mean_theta / 2.0);
[2.165s]       |         [01;31m[K^~~~~~~~[m[K
[2.167s] [01m[K/home/cedric/Desktop/PROLAB/proLAB_CedericoV1/ros2_ws_1/src/tb4_cedric_pkg_1/src/particle_filter_node.cpp:326:9:[m[K [01;31m[Kerror: [m[K‘[01m[Kpose_msg[m[K’ does not name a type
[2.167s]   326 |         [01;31m[Kpose_msg[m[K.pose.pose.orientation.w = std::cos(mean_theta / 2.0);
[2.167s]       |         [01;31m[K^~~~~~~~[m[K
[2.169s] [01m[K/home/cedric/Desktop/PROLAB/proLAB_CedericoV1/ros2_ws_1/src/tb4_cedric_pkg_1/src/particle_filter_node.cpp:329:9:[m[K [01;31m[Kerror: [m[K‘[01m[Kpose_msg[m[K’ does not name a type
[2.169s]   329 |         [01;31m[Kpose_msg[m[K.pose.covariance[0] = var_x;   pose_msg.pose.covariance[1] = 0.0;
[2.169s]       |         [01;31m[K^~~~~~~~[m[K
[2.171s] [01m[K/home/cedric/Desktop/PROLAB/proLAB_CedericoV1/ros2_ws_1/src/tb4_cedric_pkg_1/src/particle_filter_node.cpp:329:48:[m[K [01;31m[Kerror: [m[K‘[01m[Kpose_msg[m[K’ does not name a type
[2.171s]   329 |         pose_msg.pose.covariance[0] = var_x;   [01;31m[Kpose_msg[m[K.pose.covariance[1] = 0.0;
[2.171s]       |                                                [01;31m[K^~~~~~~~[m[K
[2.173s] [01m[K/home/cedric/Desktop/PROLAB/proLAB_CedericoV1/ros2_ws_1/src/tb4_cedric_pkg_1/src/particle_filter_node.cpp:330:9:[m[K [01;31m[Kerror: [m[K‘[01m[Kpose_msg[m[K’ does not name a type
[2.173s]   330 |         [01;31m[Kpose_msg[m[K.pose.covariance[6] = 0.0;     pose_msg.pose.covariance[7] = var_y;
[2.173s]       |         [01;31m[K^~~~~~~~[m[K
[2.175s] [01m[K/home/cedric/Desktop/PROLAB/proLAB_CedericoV1/ros2_ws_1/src/tb4_cedric_pkg_1/src/particle_filter_node.cpp:330:48:[m[K [01;31m[Kerror: [m[K‘[01m[Kpose_msg[m[K’ does not name a type
[2.175s]   330 |         pose_msg.pose.covariance[6] = 0.0;     [01;31m[Kpose_msg[m[K.pose.covariance[7] = var_y;
[2.175s]       |                                                [01;31m[K^~~~~~~~[m[K
[2.179s] [01m[K/home/cedric/Desktop/PROLAB/proLAB_CedericoV1/ros2_ws_1/src/tb4_cedric_pkg_1/src/particle_filter_node.cpp:332:9:[m[K [01;31m[Kerror: [m[K‘[01m[Kfilter_pose_pub_[m[K’ does not name a type
[2.179s]   332 |         [01;31m[Kfilter_pose_pub_[m[K->publish(pose_msg);
[2.179s]       |         [01;31m[K^~~~~~~~~~~~~~~~[m[K
[2.189s] [01m[K/home/cedric/Desktop/PROLAB/proLAB_CedericoV1/ros2_ws_1/src/tb4_cedric_pkg_1/src/particle_filter_node.cpp:[m[K In constructor ‘[01m[KParticleFilterNode::ParticleFilterNode()[m[K’:
[2.189s] [01m[K/home/cedric/Desktop/PROLAB/proLAB_CedericoV1/ros2_ws_1/src/tb4_cedric_pkg_1/src/particle_filter_node.cpp:49:9:[m[K [01;31m[Kerror: [m[K‘[01m[Knum_particles_[m[K’ was not declared in this scope
[2.190s]    49 |         [01;31m[Knum_particles_[m[K = this->get_parameter("num_particles").as_int();
[2.190s]       |         [01;31m[K^~~~~~~~~~~~~~[m[K
[2.191s] [01m[K/home/cedric/Desktop/PROLAB/proLAB_CedericoV1/ros2_ws_1/src/tb4_cedric_pkg_1/src/particle_filter_node.cpp:50:9:[m[K [01;31m[Kerror: [m[K‘[01m[Kq_pos_[m[K’ was not declared in this scope
[2.192s]    50 |         [01;31m[Kq_pos_[m[K = this->get_parameter("q_var_pos").as_double();
[2.192s]       |         [01;31m[K^~~~~~[m[K
[2.194s] [01m[K/home/cedric/Desktop/PROLAB/proLAB_CedericoV1/ros2_ws_1/src/tb4_cedric_pkg_1/src/particle_filter_node.cpp:51:9:[m[K [01;31m[Kerror: [m[K‘[01m[Kq_theta_[m[K’ was not declared in this scope
[2.195s]    51 |         [01;31m[Kq_theta_[m[K = this->get_parameter("q_var_theta").as_double();
[2.195s]       |         [01;31m[K^~~~~~~~[m[K
[2.197s] [01m[K/home/cedric/Desktop/PROLAB/proLAB_CedericoV1/ros2_ws_1/src/tb4_cedric_pkg_1/src/particle_filter_node.cpp:52:9:[m[K [01;31m[Kerror: [m[K‘[01m[Kr_range_[m[K’ was not declared in this scope
[2.198s]    52 |         [01;31m[Kr_range_[m[K = this->get_parameter("r_var_landmark_range").as_double();
[2.198s]       |         [01;31m[K^~~~~~~~[m[K
[2.201s] [01m[K/home/cedric/Desktop/PROLAB/proLAB_CedericoV1/ros2_ws_1/src/tb4_cedric_pkg_1/src/particle_filter_node.cpp:53:9:[m[K [01;31m[Kerror: [m[K‘[01m[Kr_bearing_[m[K’ was not declared in this scope
[2.202s]    53 |         [01;31m[Kr_bearing_[m[K = this->get_parameter("r_var_landmark_bearing").as_double();
[2.202s]       |         [01;31m[K^~~~~~~~~~[m[K
[2.206s] [01m[K/home/cedric/Desktop/PROLAB/proLAB_CedericoV1/ros2_ws_1/src/tb4_cedric_pkg_1/src/particle_filter_node.cpp:55:9:[m[K [01;31m[Kerror: [m[K‘[01m[Ktarget_radius_[m[K’ was not declared in this scope
[2.206s]    55 |         [01;31m[Ktarget_radius_[m[K = this->get_parameter("target_radius").as_double();
[2.206s]       |         [01;31m[K^~~~~~~~~~~~~~[m[K
[2.209s] [01m[K/home/cedric/Desktop/PROLAB/proLAB_CedericoV1/ros2_ws_1/src/tb4_cedric_pkg_1/src/particle_filter_node.cpp:56:9:[m[K [01;31m[Kerror: [m[K‘[01m[Ktolerance_[m[K’ was not declared in this scope
[2.209s]    56 |         [01;31m[Ktolerance_[m[K = this->get_parameter("tolerance").as_double();
[2.209s]       |         [01;31m[K^~~~~~~~~~[m[K
[2.212s] [01m[K/home/cedric/Desktop/PROLAB/proLAB_CedericoV1/ros2_ws_1/src/tb4_cedric_pkg_1/src/particle_filter_node.cpp:57:9:[m[K [01;31m[Kerror: [m[K‘[01m[Kstride_[m[K’ was not declared in this scope
[2.213s]    57 |         [01;31m[Kstride_[m[K = this->get_parameter("stride").as_int();
[2.213s]       |         [01;31m[K^~~~~~~[m[K
[2.216s] [01m[K/home/cedric/Desktop/PROLAB/proLAB_CedericoV1/ros2_ws_1/src/tb4_cedric_pkg_1/src/particle_filter_node.cpp:58:9:[m[K [01;31m[Kerror: [m[K‘[01m[Kscan_skip_[m[K’ was not declared in this scope
[2.216s]    58 |         [01;31m[Kscan_skip_[m[K = this->get_parameter("scan_skip").as_int();
[2.217s]       |         [01;31m[K^~~~~~~~~~[m[K
[2.220s] [01m[K/home/cedric/Desktop/PROLAB/proLAB_CedericoV1/ros2_ws_1/src/tb4_cedric_pkg_1/src/particle_filter_node.cpp:59:9:[m[K [01;31m[Kerror: [m[K‘[01m[Kmin_votes_[m[K’ was not declared in this scope
[2.220s]    59 |         [01;31m[Kmin_votes_[m[K = this->get_parameter("min_votes").as_int();
[2.220s]       |         [01;31m[K^~~~~~~~~~[m[K
[2.226s] [01m[K/home/cedric/Desktop/PROLAB/proLAB_CedericoV1/ros2_ws_1/src/tb4_cedric_pkg_1/src/particle_filter_node.cpp:60:9:[m[K [01;31m[Kerror: [m[K‘[01m[Kmax_jump_distance_[m[K’ was not declared in this scope
[2.226s]    60 |         [01;31m[Kmax_jump_distance_[m[K = this->get_parameter("max_jump_distance").as_double();
[2.227s]       |         [01;31m[K^~~~~~~~~~~~~~~~~~[m[K
[2.232s] [01m[K/home/cedric/Desktop/PROLAB/proLAB_CedericoV1/ros2_ws_1/src/tb4_cedric_pkg_1/src/particle_filter_node.cpp:63:9:[m[K [01;31m[Kerror: [m[K‘[01m[Klandmark_x_[m[K’ was not declared in this scope
[2.232s]    63 |         [01;31m[Klandmark_x_[m[K = -1.2;
[2.232s]       |         [01;31m[K^~~~~~~~~~~[m[K
[2.236s] [01m[K/home/cedric/Desktop/PROLAB/proLAB_CedericoV1/ros2_ws_1/src/tb4_cedric_pkg_1/src/particle_filter_node.cpp:64:9:[m[K [01;31m[Kerror: [m[K‘[01m[Klandmark_y_[m[K’ was not declared in this scope
[2.236s]    64 |         [01;31m[Klandmark_y_[m[K = 1.2;
[2.236s]       |         [01;31m[K^~~~~~~~~~~[m[K
[2.243s] [01m[K/home/cedric/Desktop/PROLAB/proLAB_CedericoV1/ros2_ws_1/src/tb4_cedric_pkg_1/src/particle_filter_node.cpp:70:9:[m[K [01;31m[Kerror: [m[K‘[01m[Khas_previous_prediction_[m[K’ was not declared in this scope
[2.243s]    70 |         [01;31m[Khas_previous_prediction_[m[K = false;
[2.243s]       |         [01;31m[K^~~~~~~~~~~~~~~~~~~~~~~~[m[K
[2.249s] [01m[K/home/cedric/Desktop/PROLAB/proLAB_CedericoV1/ros2_ws_1/src/tb4_cedric_pkg_1/src/particle_filter_node.cpp:71:9:[m[K [01;31m[Kerror: [m[K‘[01m[Klast_valid_center_[m[K’ was not declared in this scope
[2.249s]    71 |         [01;31m[Klast_valid_center_[m[K = Eigen::Vector2d::Zero();
[2.250s]       |         [01;31m[K^~~~~~~~~~~~~~~~~~[m[K
[2.269s] [01m[K/home/cedric/Desktop/PROLAB/proLAB_CedericoV1/ros2_ws_1/src/tb4_cedric_pkg_1/src/particle_filter_node.cpp:74:9:[m[K [01;31m[Kerror: [m[K‘[01m[Kcmd_sub_[m[K’ was not declared in this scope; did you mean ‘[01m[K_mm_sub_sd[m[K’?
[2.270s]    74 |         [01;31m[Kcmd_sub_[m[K = this->create_subscription<geometry_msgs::msg::Twist>(
[2.270s]       |         [01;31m[K^~~~~~~~[m[K
[2.270s]       |         [32m[K_mm_sub_sd[m[K
[2.274s] [01m[K/home/cedric/Desktop/PROLAB/proLAB_CedericoV1/ros2_ws_1/src/tb4_cedric_pkg_1/src/particle_filter_node.cpp:[m[K In lambda function:
[2.274s] [01m[K/home/cedric/Desktop/PROLAB/proLAB_CedericoV1/ros2_ws_1/src/tb4_cedric_pkg_1/src/particle_filter_node.cpp:76:17:[m[K [01;31m[Kerror: [m[K‘[01m[Ku_input_[m[K’ was not declared in this scope
[2.275s]    76 |                 [01;31m[Ku_input_[m[K(0) = msg->linear.x;
[2.275s]       |                 [01;31m[K^~~~~~~~[m[K
[2.299s] [01m[K/home/cedric/Desktop/PROLAB/proLAB_CedericoV1/ros2_ws_1/src/tb4_cedric_pkg_1/src/particle_filter_node.cpp:[m[K In constructor ‘[01m[KParticleFilterNode::ParticleFilterNode()[m[K’:
[2.299s] [01m[K/home/cedric/Desktop/PROLAB/proLAB_CedericoV1/ros2_ws_1/src/tb4_cedric_pkg_1/src/particle_filter_node.cpp:80:9:[m[K [01;31m[Kerror: [m[K‘[01m[Kscan_sub_[m[K’ was not declared in this scope
[2.299s]    80 |         [01;31m[Kscan_sub_[m[K = this->create_subscription<sensor_msgs::msg::LaserScan>(
[2.300s]       |         [01;31m[K^~~~~~~~~[m[K
[2.317s] [01m[K/home/cedric/Desktop/PROLAB/proLAB_CedericoV1/ros2_ws_1/src/tb4_cedric_pkg_1/src/particle_filter_node.cpp:83:9:[m[K [01;31m[Kerror: [m[K‘[01m[Kfilter_pose_pub_[m[K’ was not declared in this scope
[2.317s]    83 |         [01;31m[Kfilter_pose_pub_[m[K = this->create_publisher<geometry_msgs::msg::PoseWithCovarianceStamped>("/pf_estimated_pose", 10);
[2.317s]       |         [01;31m[K^~~~~~~~~~~~~~~~[m[K
[2.323s] [01m[K/home/cedric/Desktop/PROLAB/proLAB_CedericoV1/ros2_ws_1/src/tb4_cedric_pkg_1/src/particle_filter_node.cpp:84:9:[m[K [01;31m[Kerror: [m[K‘[01m[Klast_time_[m[K’ was not declared in this scope
[2.323s]    84 |         [01;31m[Klast_time_[m[K = this->get_clock()->now();
[2.324s]       |         [01;31m[K^~~~~~~~~~[m[K
[2.328s] [01m[K/home/cedric/Desktop/PROLAB/proLAB_CedericoV1/ros2_ws_1/src/tb4_cedric_pkg_1/src/particle_filter_node.cpp:85:9:[m[K [01;31m[Kerror: [m[K‘[01m[Kfilter_timer_[m[K’ was not declared in this scope
[2.328s]    85 |         [01;31m[Kfilter_timer_[m[K = this->create_wall_timer(20ms, std::bind(&ParticleFilterNode::filter_loop, this));
[2.328s]       |         [01;31m[K^~~~~~~~~~~~~[m[K
[2.340s] [01m[K/home/cedric/Desktop/PROLAB/proLAB_CedericoV1/ros2_ws_1/src/tb4_cedric_pkg_1/src/particle_filter_node.cpp:[m[K In member function ‘[01m[Kvoid ParticleFilterNode::initialize_particles()[m[K’:
[2.341s] [01m[K/home/cedric/Desktop/PROLAB/proLAB_CedericoV1/ros2_ws_1/src/tb4_cedric_pkg_1/src/particle_filter_node.cpp:90:9:[m[K [01;31m[Kerror: [m[K‘[01m[Kparticles_[m[K’ was not declared in this scope; did you mean ‘[01m[KParticle[m[K’?
[2.341s]    90 |         [01;31m[Kparticles_[m[K.resize(num_particles_);
[2.341s]       |         [01;31m[K^~~~~~~~~~[m[K
[2.341s]       |         [32m[KParticle[m[K
[2.346s] [01m[K/home/cedric/Desktop/PROLAB/proLAB_CedericoV1/ros2_ws_1/src/tb4_cedric_pkg_1/src/particle_filter_node.cpp:90:27:[m[K [01;31m[Kerror: [m[K‘[01m[Knum_particles_[m[K’ was not declared in this scope
[2.346s]    90 |         particles_.resize([01;31m[Knum_particles_[m[K);
[2.346s]       |                           [01;31m[K^~~~~~~~~~~~~~[m[K
[2.348s] [01m[K/home/cedric/Desktop/PROLAB/proLAB_CedericoV1/ros2_ws_1/src/tb4_cedric_pkg_1/src/particle_filter_node.cpp:98:37:[m[K [01;31m[Kerror: [m[K‘[01m[Kgen_[m[K’ was not declared in this scope
[2.349s]    98 |             particles_[i].x = d_pos([01;31m[Kgen_[m[K);
[2.349s]       |                                     [01;31m[K^~~~[m[K
[2.355s] [01m[K/home/cedric/Desktop/PROLAB/proLAB_CedericoV1/ros2_ws_1/src/tb4_cedric_pkg_1/src/particle_filter_node.cpp:[m[K In member function ‘[01m[Kvoid ParticleFilterNode::scan_callback(sensor_msgs::msg::LaserScan_<std::allocator<void> >::SharedPtr)[m[K’:
[2.355s] [01m[K/home/cedric/Desktop/PROLAB/proLAB_CedericoV1/ros2_ws_1/src/tb4_cedric_pkg_1/src/particle_filter_node.cpp:106:9:[m[K [01;31m[Kerror: [m[K‘[01m[Kscan_counter_[m[K’ was not declared in this scope
[2.355s]   106 |         [01;31m[Kscan_counter_[m[K++;
[2.355s]       |         [01;31m[K^~~~~~~~~~~~~[m[K
[2.358s] [01m[K/home/cedric/Desktop/PROLAB/proLAB_CedericoV1/ros2_ws_1/src/tb4_cedric_pkg_1/src/particle_filter_node.cpp:107:29:[m[K [01;31m[Kerror: [m[K‘[01m[Kscan_skip_[m[K’ was not declared in this scope
[2.358s]   107 |         if (scan_counter_ % [01;31m[Kscan_skip_[m[K != 0) return;
[2.359s]       |                             [01;31m[K^~~~~~~~~~[m[K
[2.366s] [01m[K/home/cedric/Desktop/PROLAB/proLAB_CedericoV1/ros2_ws_1/src/tb4_cedric_pkg_1/src/particle_filter_node.cpp:130:36:[m[K [01;31m[Kerror: [m[K‘[01m[Kstride_[m[K’ was not declared in this scope
[2.366s]   130 |         for (size_t i = 0; i + 2 * [01;31m[Kstride_[m[K < num_points; i += 1) {
[2.367s]       |                                    [01;31m[K^~~~~~~[m[K
[2.379s] [01m[K/home/cedric/Desktop/PROLAB/proLAB_CedericoV1/ros2_ws_1/src/tb4_cedric_pkg_1/src/particle_filter_node.cpp:141:30:[m[K [01;31m[Kerror: [m[K‘[01m[Ktarget_radius_[m[K’ was not declared in this scope
[2.380s]   141 |             if (std::abs(R - [01;31m[Ktarget_radius_[m[K) < tolerance_) {
[2.380s]       |                              [01;31m[K^~~~~~~~~~~~~~[m[K
[2.382s] [01m[K/home/cedric/Desktop/PROLAB/proLAB_CedericoV1/ros2_ws_1/src/tb4_cedric_pkg_1/src/particle_filter_node.cpp:141:48:[m[K [01;31m[Kerror: [m[K‘[01m[Ktolerance_[m[K’ was not declared in this scope
[2.383s]   141 |             if (std::abs(R - target_radius_) < [01;31m[Ktolerance_[m[K) {
[2.383s]       |                                                [01;31m[K^~~~~~~~~~[m[K
[2.414s] [01m[K/home/cedric/Desktop/PROLAB/proLAB_CedericoV1/ros2_ws_1/src/tb4_cedric_pkg_1/src/particle_filter_node.cpp:162:9:[m[K [01;31m[Kerror: [m[K‘[01m[Kdetected_landmarks_local_[m[K’ was not declared in this scope
[2.414s]   162 |         [01;31m[Kdetected_landmarks_local_[m[K.clear();
[2.414s]       |         [01;31m[K^~~~~~~~~~~~~~~~~~~~~~~~~[m[K
[2.418s] [01m[K/home/cedric/Desktop/PROLAB/proLAB_CedericoV1/ros2_ws_1/src/tb4_cedric_pkg_1/src/particle_filter_node.cpp:164:31:[m[K [01;31m[Kerror: [m[K‘[01m[Kmin_votes_[m[K’ was not declared in this scope
[2.418s]   164 |             if (clus.votes >= [01;31m[Kmin_votes_[m[K) {
[2.418s]       |                               [01;31m[K^~~~~~~~~~[m[K
[2.426s] [01m[K/home/cedric/Desktop/PROLAB/proLAB_CedericoV1/ros2_ws_1/src/tb4_cedric_pkg_1/src/particle_filter_node.cpp:167:21:[m[K [01;31m[Kerror: [m[K‘[01m[Khas_previous_prediction_[m[K’ was not declared in this scope
[2.426s]   167 |                 if ([01;31m[Khas_previous_prediction_[m[K) {
[2.426s]       |                     [01;31m[K^~~~~~~~~~~~~~~~~~~~~~~~[m[K
[2.432s] [01m[K/home/cedric/Desktop/PROLAB/proLAB_CedericoV1/ros2_ws_1/src/tb4_cedric_pkg_1/src/particle_filter_node.cpp:168:91:[m[K [01;31m[Kerror: [m[K‘[01m[Klast_valid_center_[m[K’ was not declared in this scope
[2.432s]   168 |                     bool x_sign_changed = (std::signbit(final_center.x()) != std::signbit([01;31m[Klast_valid_center_[m[K.x()));
[2.433s]       |                                                                                           [01;31m[K^~~~~~~~~~~~~~~~~~[m[K
[2.438s] [01m[K/home/cedric/Desktop/PROLAB/proLAB_CedericoV1/ros2_ws_1/src/tb4_cedric_pkg_1/src/particle_filter_node.cpp:172:75:[m[K [01;31m[Kerror: [m[K‘[01m[Kmax_jump_distance_[m[K’ was not declared in this scope
[2.438s]   172 |                     if ((x_sign_changed || y_sign_changed) && jump_dist > [01;31m[Kmax_jump_distance_[m[K) {
[2.439s]       |                                                                           [01;31m[K^~~~~~~~~~~~~~~~~~[m[K
[2.444s] [01m[K/home/cedric/Desktop/PROLAB/proLAB_CedericoV1/ros2_ws_1/src/tb4_cedric_pkg_1/src/particle_filter_node.cpp:178:17:[m[K [01;31m[Kerror: [m[K‘[01m[Klast_valid_center_[m[K’ was not declared in this scope
[2.445s]   178 |                 [01;31m[Klast_valid_center_[m[K = final_center;
[2.445s]       |                 [01;31m[K^~~~~~~~~~~~~~~~~~[m[K
[2.452s] [01m[K/home/cedric/Desktop/PROLAB/proLAB_CedericoV1/ros2_ws_1/src/tb4_cedric_pkg_1/src/particle_filter_node.cpp:179:17:[m[K [01;31m[Kerror: [m[K‘[01m[Khas_previous_prediction_[m[K’ was not declared in this scope
[2.452s]   179 |                 [01;31m[Khas_previous_prediction_[m[K = true;
[2.452s]       |                 [01;31m[K^~~~~~~~~~~~~~~~~~~~~~~~[m[K
[2.455s] [01m[K/home/cedric/Desktop/PROLAB/proLAB_CedericoV1/ros2_ws_1/src/tb4_cedric_pkg_1/src/particle_filter_node.cpp:[m[K In member function ‘[01m[Kvoid ParticleFilterNode::filter_loop()[m[K’:
[2.456s] [01m[K/home/cedric/Desktop/PROLAB/proLAB_CedericoV1/ros2_ws_1/src/tb4_cedric_pkg_1/src/particle_filter_node.cpp:186:37:[m[K [01;31m[Kerror: [m[K‘[01m[Klast_time_[m[K’ was not declared in this scope
[2.456s]   186 |         double dt = (current_time - [01;31m[Klast_time_[m[K).seconds();
[2.456s]       |                                     [01;31m[K^~~~~~~~~~[m[K
[2.458s] [01m[K/home/cedric/Desktop/PROLAB/proLAB_CedericoV1/ros2_ws_1/src/tb4_cedric_pkg_1/src/particle_filter_node.cpp:193:20:[m[K [01;31m[Kerror: [m[K‘[01m[Ku_input_[m[K’ was not declared in this scope
[2.459s]   193 |         double v = [01;31m[Ku_input_[m[K(0);
[2.459s]       |                    [01;31m[K^~~~~~~~[m[K
[2.461s] [01m[K/home/cedric/Desktop/PROLAB/proLAB_CedericoV1/ros2_ws_1/src/tb4_cedric_pkg_1/src/particle_filter_node.cpp:196:67:[m[K [01;31m[Kerror: [m[K‘[01m[Kq_pos_[m[K’ was not declared in this scope
[2.461s]   196 |         std::normal_distribution<double> noise_pos(0.0, std::sqrt([01;31m[Kq_pos_[m[K * dt));
[2.461s]       |                                                                   [01;31m[K^~~~~~[m[K
[2.463s] [01m[K/home/cedric/Desktop/PROLAB/proLAB_CedericoV1/ros2_ws_1/src/tb4_cedric_pkg_1/src/particle_filter_node.cpp:197:69:[m[K [01;31m[Kerror: [m[K‘[01m[Kq_theta_[m[K’ was not declared in this scope
[2.464s]   197 |         std::normal_distribution<double> noise_theta(0.0, std::sqrt([01;31m[Kq_theta_[m[K * dt));
[2.464s]       |                                                                     [01;31m[K^~~~~~~~[m[K
[2.466s] [01m[K/home/cedric/Desktop/PROLAB/proLAB_CedericoV1/ros2_ws_1/src/tb4_cedric_pkg_1/src/particle_filter_node.cpp:199:24:[m[K [01;31m[Kerror: [m[K‘[01m[Kparticles_[m[K’ was not declared in this scope; did you mean ‘[01m[KParticle[m[K’?
[2.466s]   199 |         for (auto& p : [01;31m[Kparticles_[m[K) {
[2.466s]       |                        [01;31m[K^~~~~~~~~~[m[K
[2.466s]       |                        [32m[KParticle[m[K
[2.468s] [01m[K/home/cedric/Desktop/PROLAB/proLAB_CedericoV1/ros2_ws_1/src/tb4_cedric_pkg_1/src/particle_filter_node.cpp:201:61:[m[K [01;31m[Kerror: [m[K‘[01m[Kgen_[m[K’ was not declared in this scope
[2.468s]   201 |             p.x += (v * std::cos(p.theta)) * dt + noise_pos([01;31m[Kgen_[m[K);
[2.468s]       |                                                             [01;31m[K^~~~[m[K
[2.476s] [01m[K/home/cedric/Desktop/PROLAB/proLAB_CedericoV1/ros2_ws_1/src/tb4_cedric_pkg_1/src/particle_filter_node.cpp:210:6:[m[K [01;31m[Kerror: [m[K‘[01m[Kdetected_landmarks_local_[m[K’ was not declared in this scope
[2.476s]   210 | if (![01;31m[Kdetected_landmarks_local_[m[K.empty()) {
[2.476s]       |      [01;31m[K^~~~~~~~~~~~~~~~~~~~~~~~~[m[K
[2.478s] [01m[K/home/cedric/Desktop/PROLAB/proLAB_CedericoV1/ros2_ws_1/src/tb4_cedric_pkg_1/src/particle_filter_node.cpp:220:28:[m[K [01;31m[Kerror: [m[K‘[01m[Kparticles_[m[K’ was not declared in this scope; did you mean ‘[01m[KParticle[m[K’?
[2.479s]   220 |             for (auto& p : [01;31m[Kparticles_[m[K) {
[2.479s]       |                            [01;31m[K^~~~~~~~~~[m[K
[2.479s]       |                            [32m[KParticle[m[K
[2.482s] [01m[K/home/cedric/Desktop/PROLAB/proLAB_CedericoV1/ros2_ws_1/src/tb4_cedric_pkg_1/src/particle_filter_node.cpp:226:29:[m[K [01;31m[Kerror: [m[K‘[01m[Klandmark_x_[m[K’ was not declared in this scope
[2.483s]   226 |                 double dx = [01;31m[Klandmark_x_[m[K - glob_x_meas;
[2.483s]       |                             [01;31m[K^~~~~~~~~~~[m[K
[2.486s] [01m[K/home/cedric/Desktop/PROLAB/proLAB_CedericoV1/ros2_ws_1/src/tb4_cedric_pkg_1/src/particle_filter_node.cpp:227:29:[m[K [01;31m[Kerror: [m[K‘[01m[Klandmark_y_[m[K’ was not declared in this scope
[2.486s]   227 |                 double dy = [01;31m[Klandmark_y_[m[K - glob_y_meas;
[2.486s]       |                             [01;31m[K^~~~~~~~~~~[m[K
[2.489s] [01m[K/home/cedric/Desktop/PROLAB/proLAB_CedericoV1/ros2_ws_1/src/tb4_cedric_pkg_1/src/particle_filter_node.cpp:240:32:[m[K [01;31m[Kerror: [m[K‘[01m[Kparticles_[m[K’ was not declared in this scope; did you mean ‘[01m[KParticle[m[K’?
[2.489s]   240 |                 for (auto& p : [01;31m[Kparticles_[m[K) {
[2.489s]       |                                [01;31m[K^~~~~~~~~~[m[K
[2.490s]       |                                [32m[KParticle[m[K
[2.492s] [01m[K/home/cedric/Desktop/PROLAB/proLAB_CedericoV1/ros2_ws_1/src/tb4_cedric_pkg_1/src/particle_filter_node.cpp:244:32:[m[K [01;31m[Kerror: [m[K‘[01m[Kparticles_[m[K’ was not declared in this scope; did you mean ‘[01m[KParticle[m[K’?
[2.492s]   244 |                 for (auto& p : [01;31m[Kparticles_[m[K) p.weight = 1.0 / num_particles_;
[2.492s]       |                                [01;31m[K^~~~~~~~~~[m[K
[2.492s]       |                                [32m[KParticle[m[K
[2.496s] [01m[K/home/cedric/Desktop/PROLAB/proLAB_CedericoV1/ros2_ws_1/src/tb4_cedric_pkg_1/src/particle_filter_node.cpp:244:61:[m[K [01;31m[Kerror: [m[K‘[01m[Knum_particles_[m[K’ was not declared in this scope
[2.496s]   244 |                 for (auto& p : particles_) p.weight = 1.0 / [01;31m[Knum_particles_[m[K;
[2.497s]       |                                                             [01;31m[K^~~~~~~~~~~~~~[m[K
[2.499s] [01m[K/home/cedric/Desktop/PROLAB/proLAB_CedericoV1/ros2_ws_1/src/tb4_cedric_pkg_1/src/particle_filter_node.cpp:251:34:[m[K [01;31m[Kerror: [m[K‘[01m[Kparticles_[m[K’ was not declared in this scope; did you mean ‘[01m[KParticle[m[K’?
[2.499s]   251 |             for (const auto& p : [01;31m[Kparticles_[m[K) n_eff += p.weight * p.weight;
[2.499s]       |                                  [01;31m[K^~~~~~~~~~[m[K
[2.500s]       |                                  [32m[KParticle[m[K
[2.503s] [01m[K/home/cedric/Desktop/PROLAB/proLAB_CedericoV1/ros2_ws_1/src/tb4_cedric_pkg_1/src/particle_filter_node.cpp:254:25:[m[K [01;31m[Kerror: [m[K‘[01m[Knum_particles_[m[K’ was not declared in this scope
[2.503s]   254 |             if (n_eff < [01;31m[Knum_particles_[m[K / 2.0) {
[2.504s]       |                         [01;31m[K^~~~~~~~~~~~~~[m[K
[2.508s] [01m[K/home/cedric/Desktop/PROLAB/proLAB_CedericoV1/ros2_ws_1/src/tb4_cedric_pkg_1/src/particle_filter_node.cpp:256:94:[m[K [01;31m[Kerror: [m[K‘[01m[Kgen_[m[K’ was not declared in this scope
[2.508s]   256 |                 double r = std::uniform_real_distribution<double>(0.0, 1.0 / num_particles_)([01;31m[Kgen_[m[K);
[2.508s]       |                                                                                              [01;31m[K^~~~[m[K
[2.511s] [01m[K/home/cedric/Desktop/PROLAB/proLAB_CedericoV1/ros2_ws_1/src/tb4_cedric_pkg_1/src/particle_filter_node.cpp:257:28:[m[K [01;31m[Kerror: [m[K‘[01m[Kparticles_[m[K’ was not declared in this scope; did you mean ‘[01m[KParticle[m[K’?
[2.511s]   257 |                 double c = [01;31m[Kparticles_[m[K[0].weight;
[2.511s]       |                            [01;31m[K^~~~~~~~~~[m[K
[2.511s]       |                            [32m[KParticle[m[K
[2.513s] [01m[K/home/cedric/Desktop/PROLAB/proLAB_CedericoV1/ros2_ws_1/src/tb4_cedric_pkg_1/src/particle_filter_node.cpp:277:34:[m[K [01;31m[Kerror: [m[K‘[01m[Kparticles_[m[K’ was not declared in this scope; did you mean ‘[01m[KParticle[m[K’?
[2.514s]   277 |             for (const auto& p : [01;31m[Kparticles_[m[K) n_eff += p.weight * p.weight;
[2.514s]       |                                  [01;31m[K^~~~~~~~~~[m[K
[2.514s]       |                                  [32m[KParticle[m[K
[2.518s] [01m[K/home/cedric/Desktop/PROLAB/proLAB_CedericoV1/ros2_ws_1/src/tb4_cedric_pkg_1/src/particle_filter_node.cpp:280:25:[m[K [01;31m[Kerror: [m[K‘[01m[Knum_particles_[m[K’ was not declared in this scope
[2.518s]   280 |             if (n_eff < [01;31m[Knum_particles_[m[K / 2.0) {
[2.519s]       |                         [01;31m[K^~~~~~~~~~~~~~[m[K
[2.521s] [01m[K/home/cedric/Desktop/PROLAB/proLAB_CedericoV1/ros2_ws_1/src/tb4_cedric_pkg_1/src/particle_filter_node.cpp:282:94:[m[K [01;31m[Kerror: [m[K‘[01m[Kgen_[m[K’ was not declared in this scope
[2.521s]   282 |                 double r = std::uniform_real_distribution<double>(0.0, 1.0 / num_particles_)([01;31m[Kgen_[m[K);
[2.521s]       |                                                                                              [01;31m[K^~~~[m[K
[2.524s] [01m[K/home/cedric/Desktop/PROLAB/proLAB_CedericoV1/ros2_ws_1/src/tb4_cedric_pkg_1/src/particle_filter_node.cpp:283:28:[m[K [01;31m[Kerror: [m[K‘[01m[Kparticles_[m[K’ was not declared in this scope; did you mean ‘[01m[KParticle[m[K’?
[2.524s]   283 |                 double c = [01;31m[Kparticles_[m[K[0].weight;
[2.524s]       |                            [01;31m[K^~~~~~~~~~[m[K
[2.525s]       |                            [32m[KParticle[m[K
[2.530s] [01m[K/home/cedric/Desktop/PROLAB/proLAB_CedericoV1/ros2_ws_1/src/tb4_cedric_pkg_1/src/particle_filter_node.cpp:[m[K At global scope:
[2.530s] [01m[K/home/cedric/Desktop/PROLAB/proLAB_CedericoV1/ros2_ws_1/src/tb4_cedric_pkg_1/src/particle_filter_node.cpp:335:5:[m[K [01;31m[Kerror: [m[Kspecializing member ‘[01m[Krclcpp::Subscription<geometry_msgs::msg::Twist_<std::allocator<void> >, std::allocator<void>, rclcpp::message_memory_strategy::MessageMemoryStrategy<geometry_msgs::msg::Twist_<std::allocator<void> >, std::allocator<void> > >::SharedPtr[m[K’ requires ‘[01m[Ktemplate<>[m[K’ syntax
[2.531s]   335 |     [01;31m[Krclcpp[m[K::Subscription<geometry_msgs::msg::Twist>::SharedPtr cmd_sub_;
[2.531s]       |     [01;31m[K^~~~~~[m[K
[2.543s] [01m[K/home/cedric/Desktop/PROLAB/proLAB_CedericoV1/ros2_ws_1/src/tb4_cedric_pkg_1/src/particle_filter_node.cpp:357:1:[m[K [01;31m[Kerror: [m[Kexpected declaration before ‘[01m[K}[m[K’ token
[2.543s]   357 | [01;31m[K}[m[K;
[2.543s]       | [01;31m[K^[m[K
[4.330s] make[2]: *** [CMakeFiles/particle_filter_node.dir/build.make:63: CMakeFiles/particle_filter_node.dir/src/particle_filter_node.cpp.o] Error 1
[4.331s] make[1]: *** [CMakeFiles/Makefile2:256: CMakeFiles/particle_filter_node.dir/all] Error 2
[4.332s] make: *** [Makefile:141: all] Error 2
[4.338s] Invoked command in '/home/cedric/Desktop/PROLAB/proLAB_CedericoV1/ros2_ws_1/build/tb4_cedric_pkg_1' returned '2': CMAKE_PREFIX_PATH=${CMAKE_PREFIX_PATH}:/opt/ros/foxy /usr/bin/cmake --build /home/cedric/Desktop/PROLAB/proLAB_CedericoV1/ros2_ws_1/build/tb4_cedric_pkg_1 -- -j16 -l16
